{
  "langgraph": {
    "phase1_graph": "success",
    "phase2_graph": "success"
  },
  "knowledge_graph": [
    {
      "name": "kg_get_entity_info",
      "status": "success",
      "result": "{\n  \"node_id\": \"gnode:Pod:default/test-pod\",\n  \"entity_type\": \"Pod\",\n  \"attributes\": {\n    \"entity_type\": \"gnode\",\n    \"gnode_subtype\": \"Pod\",\n    \"name\": \"test-pod\",\n    \"namespace\": \"default\",\n    \"status\": \"Running\",\n    \"issues\": [\n      {\n        \"node_id\": \"gnode:Pod:default/test-pod\",\n        \"type\": \"pod_crash\",\n        \"description\": \"Pod is crashing\",\n        \"severity\": \"medium\"\n      }\n    ]\n  },\n  \"incoming_relationships\": [],\n  \"outgoing_relationships\": [\n    {\n      \"target_id\": \"gnode:Node:test-node\",\n      \"target_type\": \"gnode\",\n      \"target_name\": \"test-node\",\n      \"relationship\": \"runs_on\",\n      \"attributes\": {}\n    },\n    {\n      \"target_id\": \"gnode:PVC:default/test-pvc\",\n      \"target_type\": \"gnode\",\n      \"target_name\": \"test-pvc\",\n      \"relationship\": \"uses\",\n      \"attributes\": {}\n    }\n  ],\n  \"issues\": [\n    {\n      \"node_id\": \"gnode:Pod:default/test-pod\",\n      \"type\": \"pod_crash\",\n      \"description\": \"Pod is crashing\",\n      \"severity\": \"medium\"\n    }\n  ]\n}"
    },
    {
      "name": "kg_get_related_entities",
      "status": "success",
      "result": "{\n  \"source_entity\": {\n    \"node_id\": \"gnode:Pod:default/test-pod\",\n    \"entity_type\": \"Pod\",\n    \"name\": \"test-pod\"\n  },\n  \"relationship_filter\": null,\n  \"max_depth\": 1,\n  \"related_entities\": [\n    {\n      \"node_id\": \"gnode:Node:test-node\",\n      \"entity_type\": \"gnode\",\n      \"name\": \"test-node\",\n      \"relationship\": {\n        \"type\": \"runs_on\",\n        \"direction\": \"outgoing\",\n        \"from\": \"gnode:Pod:default/test-pod\"\n      },\n      \"attributes\": {\n        \"gnode_subtype\": \"Node\",\n        \"status\": \"Ready\"\n      },\n      \"issues\": [\n        {\n          \"node_id\": \"gnode:Node:test-node\",\n          \"type\": \"disk_pressure\",\n          \"description\": \"Node is experiencing disk pressure\",\n          \"severity\": \"high\"\n        }\n      ]\n    },\n    {\n      \"node_id\": \"gnode:PVC:default/test-pvc\",\n      \"entity_type\": \"gnode\",\n      \"name\": \"test-pvc\",\n      \"relationship\": {\n        \"type\": \"uses\",\n        \"direction\": \"outgoing\",\n        \"from\": \"gnode:Pod:default/test-pod\"\n      },\n      \"attributes\": {\n        \"gnode_subtype\": \"PVC\",\n        \"namespace\": \"default\",\n        \"status\": \"Bound\"\n      },\n      \"issues\": []\n    }\n  ],\n  \"total_count\": 2\n}"
    },
    {
      "name": "kg_get_all_issues",
      "status": "success",
      "result": "{\n  \"total_issues\": 2,\n  \"severity_filter\": null,\n  \"type_filter\": null,\n  \"issues\": [\n    {\n      \"issue\": {\n        \"node_id\": \"gnode:Node:test-node\",\n        \"type\": \"disk_pressure\",\n        \"description\": \"Node is experiencing disk pressure\",\n        \"severity\": \"high\"\n      },\n      \"entity\": {\n        \"entity_type\": \"gnode\",\n        \"name\": \"test-node\",\n        \"attributes\": {\n          \"gnode_subtype\": \"Node\",\n          \"status\": \"Ready\"\n        }\n      }\n    },\n    {\n      \"issue\": {\n        \"node_id\": \"gnode:Pod:default/test-pod\",\n        \"type\": \"pod_crash\",\n        \"description\": \"Pod is crashing\",\n        \"severity\": \"medium\"\n      },\n      \"entity\": {\n        \"entity_type\": \"gnode\",\n        \"name\": \"test-pod\",\n        \"attributes\": {\n          \"gnode_subtype\": \"Pod\",\n          \"namespace\": \"default\",\n          \"status\": \"Running\"\n        }\n      }\n    }\n  ]\n}"
    },
    {
      "name": "kg_find_path",
      "status": "success",
      "result": "{\"error\": \"Source entity not found: Pod:gnode:Pod:default/test-pod\"}"
    },
    {
      "name": "kg_get_summary",
      "status": "success",
      "result": "{\n  \"graph_stats\": {\n    \"total_nodes\": 4,\n    \"total_edges\": 3,\n    \"entity_counts\": {\n      \"Pod\": 1,\n      \"PVC\": 1,\n      \"PV\": 1,\n      \"Drive\": 0,\n      \"Node\": 1,\n      \"StorageClass\": 0,\n      \"LVG\": 0,\n      \"AC\": 0,\n      \"Volume\": 0,\n      \"System\": 0,\n      \"ClusterNode\": 0,\n      \"HistoricalExperience\": 0\n    },\n    \"total_issues\": 2,\n    \"critical_issues\": 0,\n    \"high_issues\": 1,\n    \"medium_issues\": 1,\n    \"low_issues\": 0,\n    \"historical_experience_count\": 0\n  },\n  \"issue_types\": {\n    \"pod_crash\": 1,\n    \"disk_pressure\": 1\n  },\n  \"timestamp\": \"2025-06-05 21:42:00\"\n}"
    },
    {
      "name": "kg_analyze_issues",
      "status": "success",
      "result": "{\n  \"analysis\": {\n    \"total_issues\": 2,\n    \"issues_by_severity\": {\n      \"critical\": 0,\n      \"high\": 1,\n      \"medium\": 1,\n      \"low\": 0\n    },\n    \"issues_by_type\": {\n      \"pod_crash\": 1,\n      \"disk_pressure\": 1\n    },\n    \"affected_entities\": {\n      \"gnode\": 2\n    },\n    \"potential_root_causes\": [],\n    \"issue_patterns\": []\n  },\n  \"fix_plan\": [],\n  \"timestamp\": \"2025-06-05 21:42:00\"\n}"
    },
    {
      "name": "kg_print_graph",
      "status": "success",
      "result": "\n\ud83d\udd0d GRAPH SUMMARY:\n----------------------------------------\n\ud83d\udd17 Total Nodes: 4\n\ud83d\udd17 Total Edges: 3\n\u26a0\ufe0f Total Issues: 2\n\ud83d\udd34 Critical Issues: 0\n\ud83d\udfe0 High Issues: 1\n\ud83d\udfe1 Medium Issues: 1\n\ud83d\udfe2 Low Issues: 0\n\n\ud83d\udccb ENTITY BREAKDOWN:\n----------------------------------------\n\ud83d\ude80 Pod: 1\n\ud83d\udcbe PVC: 1\n\ud83d\uddc3\ufe0f PV: 1\n\ud83d\udda5\ufe0f Node: 1\n\n\ud83d\udd0e DETAILED ENTITIES:\n----------------------------------------\n\n\ud83d\ude80 Pods:\n  \u2022 test-pod - \u26a0\ufe0f 1 issues\n\n\ud83d\udcbe PVCs:\n  \u2022 test-pvc - \u26aa No status\n\n\ud83d\uddc3\ufe0f PVs:\n  \u2022 test-pv - \u26aa No status\n\n\ud83d\udda5\ufe0f Nodes:\n  \u2022 test-node - \u2705 Ready\n\n\ud83d\udd17 KEY RELATIONSHIPS:\n----------------------------------------\n\ud83d\udd17 bound_to: 1 connections\n\u2194\ufe0f runs_on: 1 connections\n\ud83d\udd04 uses: 1 connections\n\n\ud83d\udcdd Example Relationships:\n  \u2022 test-pod --runs_on--> test-node\n  \u2022 test-pod --uses--> test-pvc\n  \u2022 test-pvc --bound_to--> test-pv\n\n\u26a0\ufe0f  ISSUES BREAKDOWN:\n----------------------------------------\n\n\ud83d\udfe0 HIGH Issues (1):\n  \u2022 test-node: Node is experiencing disk pressure\n\n\ud83d\udfe1 MEDIUM Issues (1):\n  \u2022 test-pod: Pod is crashing\n\n================================================================================"
    }
  ],
  "kubernetes": [
    {
      "name": "kubectl_get",
      "status": "success",
      "result": "apiVersion: v1\nitems:\n- apiVersion: v1\n  kind: Pod\n  metadata:\n    creationTimestamp: \"2025-05-30T13:01:57Z\"\n    generateName: test-pod-1-\n    generation: 1\n    labels:\n      app: test-nginx\n      apps.kubernetes.io/pod-index: \"0\"\n      controller-revision-hash: test-pod-1-6fbf578789\n      statefulset.kubernetes.io/pod-name: test-pod-1-0\n      stor-operator.dell.com/need-wait: all\n    name: test-pod-1-0\n    namespace: default\n    ownerReferences:\n    - apiVersion: apps/v1\n      blockOwnerDeletion: true\n      controller: true\n      kind: StatefulSet\n      name: test-pod-1\n      uid: f6f124f5-ed35-4bf8-9b70-17c78e326dc7\n    resourceVersion: \"612787\"\n    uid: 743f8681-e26b-456f-9bbc-e1d9a4ebc182\n  spec:\n    containers:\n    - command:\n      - /bin/sh\n      - -c\n      - sleep 60m\n      image: guolisen/hotplug-test:1.2\n      imagePullPolicy: Always\n      name: test-nginx\n      ports:\n      - containerPort: 80\n        name: test-pod-1\n        protocol: TCP\n      resources: {}\n      securityContext:\n        allowPrivilegeEscalation: false\n        capabilities:\n          drop:\n          - ALL\n        privileged: false\n        readOnlyRootFilesystem: true\n        runAsNonRoot: false\n        seccompProfile:\n          type: RuntimeDefault\n      terminationMessagePath: /dev/termination-log\n      terminationMessagePolicy: File\n      volumeMounts:\n      - mountPath: /log\n        name: www-1\n      - mountPath: /var/run/secrets/kubernetes.io/serviceaccount\n        name: kube-api-access-mn2jg\n        readOnly: true\n    dnsPolicy: ClusterFirst\n    enableServiceLinks: true\n    hostname: test-pod-1-0\n    nodeName: kind-control-plane\n    preemptionPolicy: PreemptLowerPriority\n    priority: 0\n    restartPolicy: Always\n    schedulerName: default-scheduler\n    securityContext: {}\n    serviceAccount: default\n    serviceAccountName: default\n    subdomain: storop-nginx\n    terminationGracePeriodSeconds: 30\n    tolerations:\n    - effect: NoExecute\n      key: node.kubernetes.io/not-ready\n      operator: Exists\n      tolerationSeconds: 300\n    - effect: NoExecute\n      key: node.kubernetes.io/unreachable\n      operator: Exists\n      tolerationSeconds: 300\n    volumes:\n    - name: www-1\n      persistentVolumeClaim:\n        claimName: www-1-test-pod-1-0\n    - name: kube-api-access-mn2jg\n      projected:\n        defaultMode: 420\n        sources:\n        - serviceAccountToken:\n            expirationSeconds: 3607\n            path: token\n        - configMap:\n            items:\n            - key: ca.crt\n              path: ca.crt\n            name: kube-root-ca.crt\n        - downwardAPI:\n            items:\n            - fieldRef:\n                apiVersion: v1\n                fieldPath: metadata.namespace\n              path: namespace\n  status:\n    conditions:\n    - lastProbeTime: null\n      lastTransitionTime: \"2025-06-04T13:45:21Z\"\n      status: \"True\"\n      type: PodReadyToStartContainers\n    - lastProbeTime: null\n      lastTransitionTime: \"2025-05-30T13:02:03Z\"\n      status: \"True\"\n      type: Initialized\n    - lastProbeTime: null\n      lastTransitionTime: \"2025-06-05T12:30:01Z\"\n      message: 'containers with unready status: [test-nginx]'\n      reason: ContainersNotReady\n      status: \"False\"\n      type: Ready\n    - lastProbeTime: null\n      lastTransitionTime: \"2025-06-05T12:30:01Z\"\n      message: 'containers with unready status: [test-nginx]'\n      reason: ContainersNotReady\n      status: \"False\"\n      type: ContainersReady\n    - lastProbeTime: null\n      lastTransitionTime: \"2025-05-30T13:02:03Z\"\n      status: \"True\"\n      type: PodScheduled\n    containerStatuses:\n    - containerID: containerd://3cba396f314539a98c2dc9bedbe0f3f73a70025aa2cdf3ba13370a0bb8245fac\n      image: docker.io/guolisen/hotplug-test:1.2\n      imageID: docker.io/guolisen/hotplug-test@sha256:1410eb59d80c5c7bb1692f17cc74f60584f7d00339fa7cb80d6ab453769b8b30\n      lastState:\n        terminated:\n          containerID: containerd://3cba396f314539a98c2dc9bedbe0f3f73a70025aa2cdf3ba13370a0bb8245fac\n          exitCode: 0\n          finishedAt: \"2025-06-05T12:30:00Z\"\n          reason: Completed\n          startedAt: \"2025-06-05T11:30:00Z\"\n      name: test-nginx\n      ready: false\n      resources: {}\n      restartCount: 7\n      started: false\n      state:\n        waiting:\n          message: 'Back-off pulling image \"guolisen/hotplug-test:1.2\": ErrImagePull:\n            failed to pull and unpack image \"docker.io/guolisen/hotplug-test:1.2\":\n            failed to resolve reference \"docker.io/guolisen/hotplug-test:1.2\": failed\n            to do request: Head \"https://registry-1.docker.io/v2/guolisen/hotplug-test/manifests/1.2\":\n            dial tcp 108.160.170.33:443: connect: connection refused'\n          reason: ImagePullBackOff\n      user:\n        linux:\n          gid: 0\n          supplementalGroups:\n          - 0\n          uid: 0\n      volumeMounts:\n      - mountPath: /log\n        name: www-1\n      - mountPath: /var/run/secrets/kubernetes.io/serviceaccount\n        name: kube-api-access-mn2jg\n        readOnly: true\n        recursiveReadOnly: Disabled\n    hostIP: 172.18.0.2\n    hostIPs:\n    - ip: 172.18.0.2\n    phase: Running\n    podIP: 10.244.0.2\n    podIPs:\n    - ip: 10.244.0.2\n    qosClass: BestEffort\n    startTime: \"2025-05-30T13:02:03Z\"\nkind: List\nmetadata:\n  resourceVersion: \"\"\n"
    },
    {
      "name": "kubectl_describe",
      "status": "success",
      "result": "Name:             test-pod-1-0\nNamespace:        default\nPriority:         0\nService Account:  default\nNode:             kind-control-plane/172.18.0.2\nStart Time:       Fri, 30 May 2025 21:02:03 +0800\nLabels:           app=test-nginx\n                  apps.kubernetes.io/pod-index=0\n                  controller-revision-hash=test-pod-1-6fbf578789\n                  statefulset.kubernetes.io/pod-name=test-pod-1-0\n                  stor-operator.dell.com/need-wait=all\nAnnotations:      <none>\nStatus:           Running\nIP:               10.244.0.2\nIPs:\n  IP:           10.244.0.2\nControlled By:  StatefulSet/test-pod-1\nContainers:\n  test-nginx:\n    Container ID:    containerd://3cba396f314539a98c2dc9bedbe0f3f73a70025aa2cdf3ba13370a0bb8245fac\n    Image:           guolisen/hotplug-test:1.2\n    Image ID:        docker.io/guolisen/hotplug-test@sha256:1410eb59d80c5c7bb1692f17cc74f60584f7d00339fa7cb80d6ab453769b8b30\n    Port:            80/TCP\n    Host Port:       0/TCP\n    SeccompProfile:  RuntimeDefault\n    Command:\n      /bin/sh\n      -c\n      sleep 60m\n    State:          Waiting\n      Reason:       ImagePullBackOff\n    Last State:     Terminated\n      Reason:       Completed\n      Exit Code:    0\n      Started:      Thu, 05 Jun 2025 19:30:00 +0800\n      Finished:     Thu, 05 Jun 2025 20:30:00 +0800\n    Ready:          False\n    Restart Count:  7\n    Environment:    <none>\n    Mounts:\n      /log from www-1 (rw)\n      /var/run/secrets/kubernetes.io/serviceaccount from kube-api-access-mn2jg (ro)\nConditions:\n  Type                        Status\n  PodReadyToStartContainers   True \n  Initialized                 True \n  Ready                       False \n  ContainersReady             False \n  PodScheduled                True \nVolumes:\n  www-1:\n    Type:       PersistentVolumeClaim (a reference to a PersistentVolumeClaim in the same namespace)\n    ClaimName:  www-1-test-pod-1-0\n    ReadOnly:   false\n  kube-api-access-mn2jg:\n    Type:                    Projected (a volume that contains injected data from multiple sources)\n    TokenExpirationSeconds:  3607\n    ConfigMapName:           kube-root-ca.crt\n    Optional:                false\n    DownwardAPI:             true\nQoS Class:                   BestEffort\nNode-Selectors:              <none>\nTolerations:                 node.kubernetes.io/not-ready:NoExecute op=Exists for 300s\n                             node.kubernetes.io/unreachable:NoExecute op=Exists for 300s\nEvents:\n  Type     Reason   Age                  From     Message\n  ----     ------   ----                 ----     -------\n  Warning  Failed   35m (x23 over 8h)    kubelet  (combined from similar events): Failed to pull image \"guolisen/hotplug-test:1.2\": failed to pull and unpack image \"docker.io/guolisen/hotplug-test:1.2\": failed to resolve reference \"docker.io/guolisen/hotplug-test:1.2\": failed to do request: Head \"https://registry-1.docker.io/v2/guolisen/hotplug-test/manifests/1.2\": dial tcp 69.171.229.11:443: connect: connection refused\n  Normal   BackOff  80s (x796 over 23h)  kubelet  Back-off pulling image \"guolisen/hotplug-test:1.2\"\n  Warning  Failed   56s (x795 over 23h)  kubelet  Error: ImagePullBackOff\n\n"
    },
    {
      "name": "kubectl_apply",
      "status": "success",
      "result": "pod/test-pod created\n"
    },
    {
      "name": "kubectl_delete",
      "status": "success",
      "result": "pod \"test-pod\" deleted\n"
    },
    {
      "name": "kubectl_exec",
      "status": "success",
      "result": "Error: Error from server (NotFound): pods \"test-pod\" not found\n"
    },
    {
      "name": "kubectl_logs",
      "status": "success",
      "result": "Error: error: error from server (NotFound): pods \"test-pod\" not found in namespace \"default\"\n"
    },
    {
      "name": "kubectl_get_drive",
      "status": "success",
      "result": "Error: error: the server doesn't have a resource type \"drive\"\n"
    },
    {
      "name": "kubectl_get_csibmnode",
      "status": "success",
      "result": "Error: error: the server doesn't have a resource type \"csibmnode\"\n"
    },
    {
      "name": "kubectl_get_availablecapacity",
      "status": "success",
      "result": "Error: error: the server doesn't have a resource type \"ac\"\n"
    },
    {
      "name": "kubectl_get_logicalvolumegroup",
      "status": "success",
      "result": "Error: error: the server doesn't have a resource type \"lvg\"\n"
    },
    {
      "name": "kubectl_get_storageclass",
      "status": "success",
      "result": "apiVersion: v1\nitems:\n- apiVersion: storage.k8s.io/v1\n  kind: StorageClass\n  metadata:\n    annotations:\n      kubectl.kubernetes.io/last-applied-configuration: |\n        {\"apiVersion\":\"storage.k8s.io/v1\",\"kind\":\"StorageClass\",\"metadata\":{\"annotations\":{},\"name\":\"csi-baremetal-sc-ssd\"},\"parameters\":{\"driveType\":\"SSD\",\"fsType\":\"ext4\"},\"provisioner\":\"csi-baremetal.dell.com\",\"reclaimPolicy\":\"Delete\",\"volumeBindingMode\":\"WaitForFirstConsumer\"}\n    creationTimestamp: \"2025-05-27T00:24:55Z\"\n    name: csi-baremetal-sc-ssd\n    resourceVersion: \"355116\"\n    uid: b8f2fdf7-fb26-4690-a618-b92de40544b8\n  parameters:\n    driveType: SSD\n    fsType: ext4\n  provisioner: csi-baremetal.dell.com\n  reclaimPolicy: Delete\n  volumeBindingMode: WaitForFirstConsumer\n- apiVersion: storage.k8s.io/v1\n  kind: StorageClass\n  metadata:\n    annotations:\n      kubectl.kubernetes.io/last-applied-configuration: |\n        {\"apiVersion\":\"storage.k8s.io/v1\",\"kind\":\"StorageClass\",\"metadata\":{\"annotations\":{},\"name\":\"csi-baremetal-test\"},\"parameters\":{\"driveType\":\"SSD\",\"fsType\":\"ext4\"},\"provisioner\":\"csi-baremetal.dell.com\",\"reclaimPolicy\":\"Delete\",\"volumeBindingMode\":\"WaitForFirstConsumer\"}\n    creationTimestamp: \"2025-05-29T11:34:45Z\"\n    name: csi-baremetal-test\n    resourceVersion: \"465777\"\n    uid: f105a9c6-6555-4fff-b420-d0706090389d\n  parameters:\n    driveType: SSD\n    fsType: ext4\n  provisioner: csi-baremetal.dell.com\n  reclaimPolicy: Delete\n  volumeBindingMode: WaitForFirstConsumer\n- apiVersion: storage.k8s.io/v1\n  kind: StorageClass\n  metadata:\n    annotations:\n      kubectl.kubernetes.io/last-applied-configuration: |\n        {\"apiVersion\":\"storage.k8s.io/v1\",\"kind\":\"StorageClass\",\"metadata\":{\"annotations\":{\"storageclass.kubernetes.io/is-default-class\":\"true\"},\"name\":\"standard\"},\"provisioner\":\"rancher.io/local-path\",\"reclaimPolicy\":\"Delete\",\"volumeBindingMode\":\"WaitForFirstConsumer\"}\n      storageclass.kubernetes.io/is-default-class: \"true\"\n    creationTimestamp: \"2025-05-22T13:18:50Z\"\n    name: standard\n    resourceVersion: \"420\"\n    uid: 33cf0b9b-1cb5-4d01-9c1c-488926c19a80\n  provisioner: rancher.io/local-path\n  reclaimPolicy: Delete\n  volumeBindingMode: WaitForFirstConsumer\nkind: List\nmetadata:\n  resourceVersion: \"\"\n"
    },
    {
      "name": "kubectl_get_csidrivers",
      "status": "success",
      "result": ""
    }
  ],
  "diagnostic": [
    {
      "name": "smartctl_check",
      "status": "success",
      "result": "SSH execution failed: [Errno -3] Temporary failure in name resolution"
    },
    {
      "name": "fio_performance_test",
      "status": "success",
      "result": "SSH execution failed: [Errno -3] Temporary failure in name resolution"
    },
    {
      "name": "fsck_check",
      "status": "success",
      "result": "SSH execution failed: [Errno -3] Temporary failure in name resolution"
    },
    {
      "name": "xfs_repair_check",
      "status": "success",
      "result": "SSH execution failed: [Errno -3] Temporary failure in name resolution"
    },
    {
      "name": "ssh_execute",
      "status": "success",
      "result": "SSH execution failed: [Errno -3] Temporary failure in name resolution"
    },
    {
      "name": "df_command",
      "status": "success",
      "result": "Filesystem      Size  Used Avail Use% Mounted on\ntmpfs            14G   32K   14G   1% /tmp\n"
    },
    {
      "name": "lsblk_command",
      "status": "success",
      "result": "NAME   FSTYPE   FSVER LABEL        UUID                                 FSAVAIL FSUSE% MOUNTPOINTS\nloop0  squashfs 4.0                                                           0   100% /snap/bare/5\nloop2  squashfs 4.0                                                           0   100% /snap/core22/1963\nloop3  squashfs 4.0                                                           0   100% /snap/desktop-security-center/32\nloop4  squashfs 4.0                                                           0   100% /snap/desktop-security-center/59\nloop5  squashfs 4.0                                                           0   100% /snap/firefox/6198\nloop6  squashfs 4.0                                                           0   100% /snap/firefox/6227\nloop7  squashfs 4.0                                                           0   100% /snap/firmware-updater/127\nloop8  squashfs 4.0                                                           0   100% /snap/firmware-updater/167\nloop9  squashfs 4.0                                                           0   100% /snap/gnome-42-2204/202\nloop10 squashfs 4.0                                                           0   100% /snap/gtk-common-themes/1535\nloop11 squashfs 4.0                                                           0   100% /snap/prompting-client/104\nloop12 squashfs 4.0                                                           0   100% /snap/gnome-42-2204/176\nloop13 squashfs 4.0                                                           0   100% /snap/gtk-common-themes/1536\nloop14 squashfs 4.0                                                           0   100% /snap/prompting-client/51\nloop15 squashfs 4.0                                                           0   100% /snap/snap-store/1218\nloop16 squashfs 4.0                                                           0   100% /snap/snap-store/1270\nloop17 squashfs 4.0                                                           0   100% /snap/snapd/23771\nloop18 squashfs 4.0                                                           0   100% /snap/snapd/24505\nloop19 squashfs 4.0                                                           0   100% /snap/snapd-desktop-integration/247\nloop20 squashfs 4.0                                                           0   100% /snap/snapd-desktop-integration/253\nloop21 squashfs 4.0                                                           0   100% /snap/core22/1981\nsda                                                                                    \n\u251c\u2500sda1                                                                                 \n\u2514\u2500sda2 ext4     1.0                07693a3c-4994-4649-9277-2855f2d9488a   10.3G    68% /\nsr0    iso9660        VMware Tools 2019-10-04-02-08-28-00                     0   100% /media/lewis/VMware Tools\n"
    },
    {
      "name": "mount_command",
      "status": "success",
      "result": ""
    },
    {
      "name": "dmesg_command",
      "status": "success",
      "result": "[Thu Jun  5 14:05:38 2025] Linux version 6.11.0-26-generic (buildd@lcy02-amd64-107) (x86_64-linux-gnu-gcc-14 (Ubuntu 14.2.0-4ubuntu2) 14.2.0, GNU ld (GNU Binutils for Ubuntu) 2.43.1) #26-Ubuntu SMP PREEMPT_DYNAMIC Sat Apr 12 11:25:41 UTC 2025 (Ubuntu 6.11.0-26.26-generic 6.11.11)\n[Thu Jun  5 14:05:38 2025] Command line: BOOT_IMAGE=/boot/vmlinuz-6.11.0-26-generic root=UUID=07693a3c-4994-4649-9277-2855f2d9488a ro quiet splash crashkernel=2G-4G:320M,4G-32G:512M,32G-64G:1024M,64G-128G:2048M,128G-:4096M\n[Thu Jun  5 14:05:38 2025] KERNEL supported cpus:\n[Thu Jun  5 14:05:38 2025]   Intel GenuineIntel\n[Thu Jun  5 14:05:38 2025]   AMD AuthenticAMD\n[Thu Jun  5 14:05:38 2025]   Hygon HygonGenuine\n[Thu Jun  5 14:05:38 2025]   Centaur CentaurHauls\n[Thu Jun  5 14:05:38 2025]   zhaoxin   Shanghai  \n[Thu Jun  5 14:05:38 2025] BIOS-provided physical RAM map:\n[Thu
Jun  5 14:05:38 2025] BIOS-e820: [mem 0x0000000000000000-0x000000000009e7ff] usable\n[Thu
Jun  5 14:05:38 2025] BIOS-e820: [mem 0x000000000009e800-0x000000000009ffff] reserved\n[Thu
Jun  5 14:05:38 2025] BIOS-e820: [mem 0x00000000000dc000-0x00000000000fffff] reserved\n[Thu
Jun  5 14:05:38 2025] BIOS-e820: [mem 0x0000000000100000-0x00000000bfecffff] usable\n[Thu
Jun  5 14:05:38 2025] BIOS-e820: [mem 0x00000000bfed0000-0x00000000bfefefff] ACPI data\n[Thu
Jun  5 14:05:38 2025] BIOS-e820: [mem 0x00000000bfeff000-0x00000000bfefffff] ACPI NVS\n[Thu
Jun  5 14:05:38 2025] BIOS-e820: [mem 0x00000000bff00000-0x00000000bfffffff] usable\n[Thu
Jun  5 14:05:38 2025] BIOS-e820: [mem 0x00000000f0000000-0x00000000f7ffffff] reserved\n[Thu
Jun  5 14:05:38 2025] BIOS-e820: [mem 0x00000000fec00000-0x00000000fec0ffff] reserved\n[Thu
Jun  5 14:05:38 2025] BIOS-e820: [mem 0x00000000fee00000-0x00000000fee00fff] reserved\n[Thu
Jun  5 14:05:38 2025] BIOS-e820: [mem 0x00000000fffe0000-0x00000000ffffffff] reserved\n[Thu
Jun  5 14:05:38 2025] BIOS-e820: [mem 0x0000000100000000-0x000000072e7fffff] usable\n[Thu Jun  5 14:05:38 2025] NX (Execute Disable) protection: active\n[Thu
Jun  5 14:05:38 2025] APIC: Static calls initialized\n[Thu Jun  5 14:05:38 2025] SMBIOS 2.7 present.\n[Thu
Jun  5 14:05:38 2025] DMI: VMware, Inc. VMware Virtual Platform/440BX Desktop Reference Platform, BIOS 6.00 11/12/2020\n[Thu
Jun  5 14:05:38 2025] DMI: Memory slots populated: 9/128\n[Thu
Jun  5 14:05:38 2025] vmware: hypercall mode: 0x02\n[Thu Jun  5 14:05:38 2025] Hypervisor detected: VMware\n[Thu
Jun  5 14:05:38 2025] vmware: TSC freq read from hypervisor : 2918.400 MHz\n[Thu
Jun  5 14:05:38 2025] vmware: Host bus clock speed read from hypervisor : 66000000 Hz\n[Thu
Jun  5 14:05:38 2025] vmware: using clock offset of 7249135573 ns\n[Thu
Jun  5 14:05:38 2025] tsc: Detected 2918.400 MHz processor\n[Thu
Jun  5 14:05:38 2025] e820: update [mem 0x00000000-0x00000fff] usable ==> reserved\n[Thu
Jun  5 14:05:38 2025] e820: remove [mem 0x000a0000-0x000fffff] usable\n[Thu Jun  5 14:05:38 2025] last_pfn = 0x72e800 max_arch_pfn = 0x400000000\n[Thu Jun  5 14:05:38 2025] total RAM covered: 523264M\n[Thu Jun  5 14:05:38 2025]  gran_size: 64K \tchunk_size: 64K \tnum_reg: 8  \tlose cover RAM: 256G\n[Thu Jun  5 14:05:38 2025]  gran_size: 64K \tchunk_size: 128K \tnum_reg: 8  \tlose cover RAM: 256G\n[Thu Jun  5 14:05:38 2025]  gran_size: 64K \tchunk_size: 256K \tnum_reg: 8  \tlose cover RAM: 256G\n[Thu Jun  5 14:05:38 2025]  gran_size: 64K \tchunk_size: 512K \tnum_reg: 8  \tlose cover RAM: 256G\n[Thu Jun  5 14:05:38 2025]  gran_size: 64K \tchunk_size: 1M \tnum_reg: 8  \tlose cover RAM: 256G\n[Thu Jun  5 14:05:38 2025]  gran_size: 64K \tchunk_size: 2M \tnum_reg: 8  \tlose cover RAM: 256G\n[Thu Jun  5 14:05:38 2025]  gran_size: 64K \tchunk_size: 4M \tnum_reg: 8  \tlose cover RAM: 256G\n[Thu Jun  5 14:05:38 2025]  gran_size: 64K \tchunk_size: 8M \tnum_reg: 8  \tlose cover RAM: 256G\n[Thu Jun  5 14:05:38 2025]  gran_size: 64K \tchunk_size: 16M \tnum_reg: 8  \tlose cover RAM: 256G\n[Thu Jun  5 14:05:38 2025]  gran_size: 64K \tchunk_size: 32M \tnum_reg: 8  \tlose cover RAM: 256G\n[Thu Jun  5 14:05:38 2025]  gran_size: 64K \tchunk_size: 64M \tnum_reg: 8  \tlose cover RAM: 256G\n[Thu Jun  5 14:05:38 2025]  gran_size: 64K \tchunk_size: 128M \tnum_reg: 8  \tlose cover RAM: 256G\n[Thu Jun  5 14:05:38 2025]  gran_size: 64K \tchunk_size: 256M \tnum_reg: 8  \tlose cover RAM: 256G\n[Thu Jun  5 14:05:38 2025]  gran_size: 64K \tchunk_size: 512M \tnum_reg: 8  \tlose cover RAM: 256G\n[Thu Jun  5 14:05:38 2025]  gran_size: 64K \tchunk_size: 1G \tnum_reg: 8  \tlose cover RAM: 256G\n[Thu Jun  5 14:05:38 2025]  gran_size: 64K \tchunk_size: 2G \tnum_reg: 8  \tlose cover RAM: 256G\n[Thu Jun  5 14:05:38 2025]  gran_size: 128K \tchunk_size: 128K \tnum_reg: 8  \tlose cover RAM: 256G\n[Thu Jun  5 14:05:38 2025]  gran_size: 128K \tchunk_size: 256K \tnum_reg: 8  \tlose cover RAM: 256G\n[Thu Jun  5 14:05:38 2025]  gran_size: 128K \tchunk_size: 512K \tnum_reg: 8  \tlose cover RAM: 256G\n[Thu Jun  5 14:05:38 2025]  gran_size: 128K \tchunk_size: 1M \tnum_reg: 8  \tlose cover RAM: 256G\n[Thu Jun  5 14:05:38 2025]  gran_size: 128K \tchunk_size: 2M \tnum_reg: 8  \tlose cover RAM: 256G\n[Thu Jun  5 14:05:38 2025]  gran_size: 128K \tchunk_size: 4M \tnum_reg: 8  \tlose cover RAM: 256G\n[Thu Jun  5 14:05:38 2025]  gran_size: 128K \tchunk_size: 8M \tnum_reg: 8  \tlose cover RAM: 256G\n[Thu Jun  5 14:05:38 2025]  gran_size: 128K \tchunk_size: 16M \tnum_reg: 8  \tlose cover RAM: 256G\n[Thu Jun  5 14:05:38 2025]  gran_size: 128K \tchunk_size: 32M \tnum_reg: 8  \tlose cover RAM: 256G\n[Thu Jun  5 14:05:38 2025]  gran_size: 128K \tchunk_size: 64M \tnum_reg: 8  \tlose cover RAM: 256G\n[Thu Jun  5 14:05:38 2025]  gran_size: 128K \tchunk_size: 128M \tnum_reg: 8  \tlose cover RAM: 256G\n[Thu Jun  5 14:05:38 2025]  gran_size: 128K \tchunk_size: 256M \tnum_reg: 8  \tlose cover RAM: 256G\n[Thu Jun  5 14:05:38 2025]  gran_size: 128K \tchunk_size: 512M \tnum_reg: 8  \tlose cover RAM: 256G\n[Thu Jun  5 14:05:38 2025]  gran_size: 128K \tchunk_size: 1G \tnum_reg: 8  \tlose cover RAM: 256G\n[Thu Jun  5 14:05:38 2025]  gran_size: 128K \tchunk_size: 2G \tnum_reg: 8  \tlose cover RAM: 256G\n[Thu Jun  5 14:05:38 2025]  gran_size: 256K \tchunk_size: 256K \tnum_reg: 8  \tlose cover RAM: 256G\n[Thu Jun  5 14:05:38 2025]  gran_size: 256K \tchunk_size: 512K \tnum_reg: 8  \tlose cover RAM: 256G\n[Thu Jun  5 14:05:38 2025]  gran_size: 256K \tchunk_size: 1M \tnum_reg: 8  \tlose cover RAM: 256G\n[Thu Jun  5 14:05:38 2025]  gran_size: 256K \tchunk_size: 2M \tnum_reg: 8  \tlose cover RAM: 256G\n[Thu Jun  5 14:05:38 2025]  gran_size: 256K \tchunk_size: 4M \tnum_reg: 8  \tlose cover RAM: 256G\n[Thu Jun  5 14:05:38 2025]  gran_size: 256K \tchunk_size: 8M \tnum_reg: 8  \tlose cover RAM: 256G\n[Thu Jun  5 14:05:38 2025]  gran_size: 256K \tchunk_size: 16M \tnum_reg: 8  \tlose cover RAM: 256G\n[Thu Jun  5 14:05:38 2025]  gran_size: 256K \tchunk_size: 32M \tnum_reg: 8  \tlose cover RAM: 256G\n[Thu Jun  5 14:05:38 2025]  gran_size: 256K \tchunk_size: 64M \tnum_reg: 8  \tlose cover RAM: 256G\n[Thu Jun  5 14:05:38 2025]  gran_size: 256K \tchunk_size: 128M \tnum_reg: 8  \tlose cover RAM: 256G\n[Thu Jun  5 14:05:38 2025]  gran_size: 256K \tchunk_size: 256M \tnum_reg: 8  \tlose cover RAM: 256G\n[Thu Jun  5 14:05:38 2025]  gran_size: 256K \tchunk_size: 512M \tnum_reg: 8  \tlose cover RAM: 256G\n[Thu Jun  5 14:05:38 2025]  gran_size: 256K \tchunk_size: 1G \tnum_reg: 8  \tlose cover RAM: 256G\n[Thu Jun  5 14:05:38 2025]  gran_size: 256K \tchunk_size: 2G \tnum_reg: 8  \tlose cover RAM: 256G\n[Thu Jun  5 14:05:38 2025]  gran_size: 512K \tchunk_size: 512K \tnum_reg: 8  \tlose cover RAM: 256G\n[Thu Jun  5 14:05:38 2025]  gran_size: 512K \tchunk_size: 1M \tnum_reg: 8  \tlose cover RAM: 256G\n[Thu Jun  5 14:05:38 2025]  gran_size: 512K \tchunk_size: 2M \tnum_reg: 8  \tlose cover RAM: 256G\n[Thu Jun  5 14:05:38 2025]  gran_size: 512K \tchunk_size: 4M \tnum_reg: 8  \tlose cover RAM: 256G\n[Thu Jun  5 14:05:38 2025]  gran_size: 512K \tchunk_size: 8M \tnum_reg: 8  \tlose cover RAM: 256G\n[Thu Jun  5 14:05:38 2025]  gran_size: 512K \tchunk_size: 16M \tnum_reg: 8  \tlose cover RAM: 256G\n[Thu Jun  5 14:05:38 2025]  gran_size: 512K \tchunk_size: 32M \tnum_reg: 8  \tlose cover RAM: 256G\n[Thu Jun  5 14:05:38 2025]  gran_size: 512K \tchunk_size: 64M \tnum_reg: 8  \tlose cover RAM: 256G\n[Thu Jun  5 14:05:38 2025]  gran_size: 512K \tchunk_size: 128M \tnum_reg: 8  \tlose cover RAM: 256G\n[Thu Jun  5 14:05:38 2025]  gran_size: 512K \tchunk_size: 256M \tnum_reg: 8  \tlose cover RAM: 256G\n[Thu Jun  5 14:05:38 2025]  gran_size: 512K \tchunk_size: 512M \tnum_reg: 8  \tlose cover RAM: 256G\n[Thu Jun  5 14:05:38 2025]  gran_size: 512K \tchunk_size: 1G \tnum_reg: 8  \tlose cover RAM: 256G\n[Thu Jun  5 14:05:38 2025]  gran_size: 512K \tchunk_size: 2G \tnum_reg: 8  \tlose cover RAM: 256G\n[Thu Jun  5 14:05:38 2025]  gran_size: 1M \tchunk_size: 1M \tnum_reg: 8  \tlose cover RAM: 256G\n[Thu Jun  5 14:05:38 2025]  gran_size: 1M \tchunk_size: 2M \tnum_reg: 8  \tlose cover RAM: 256G\n[Thu Jun  5 14:05:38 2025]  gran_size: 1M \tchunk_size: 4M \tnum_reg: 8  \tlose cover RAM: 256G\n[Thu Jun  5 14:05:38 2025]  gran_size: 1M \tchunk_size: 8M \tnum_reg: 8  \tlose cover RAM: 256G\n[Thu Jun  5 14:05:38 2025]  gran_size: 1M \tchunk_size: 16M \tnum_reg: 8  \tlose cover RAM: 256G\n[Thu Jun  5 14:05:38 2025]  gran_size: 1M \tchunk_size: 32M \tnum_reg: 8  \tlose cover RAM: 256G\n[Thu Jun  5 14:05:38 2025]  gran_size: 1M \tchunk_size: 64M \tnum_reg: 8  \tlose cover RAM: 256G\n[Thu Jun  5 14:05:38 2025]  gran_size: 1M \tchunk_size: 128M \tnum_reg: 8  \tlose cover RAM: 256G\n[Thu Jun  5 14:05:38 2025]  gran_size: 1M \tchunk_size: 256M \tnum_reg: 8  \tlose cover RAM: 256G\n[Thu Jun  5 14:05:38 2025]  gran_size: 1M \tchunk_size: 512M \tnum_reg: 8  \tlose cover RAM: 256G\n[Thu Jun  5 14:05:38 2025]  gran_size: 1M \tchunk_size: 1G \tnum_reg: 8  \tlose cover RAM: 256G\n[Thu Jun  5 14:05:38 2025]  gran_size: 1M \tchunk_size: 2G \tnum_reg: 8  \tlose cover RAM: 256G\n[Thu Jun  5 14:05:38 2025]  gran_size: 2M \tchunk_size: 2M \tnum_reg: 8  \tlose cover RAM: 256G\n[Thu Jun  5 14:05:38 2025]  gran_size: 2M \tchunk_size: 4M \tnum_reg: 8  \tlose cover RAM: 256G\n[Thu Jun  5 14:05:38 2025]  gran_size: 2M \tchunk_size: 8M \tnum_reg: 8  \tlose cover RAM: 256G\n[Thu Jun  5 14:05:38 2025]  gran_size: 2M \tchunk_size: 16M \tnum_reg: 8  \tlose cover RAM: 256G\n[Thu Jun  5 14:05:38 2025]  gran_size: 2M \tchunk_size: 32M \tnum_reg: 8  \tlose cover RAM: 256G\n[Thu Jun  5 14:05:38 2025]  gran_size: 2M \tchunk_size: 64M \tnum_reg: 8  \tlose cover RAM: 256G\n[Thu Jun  5 14:05:38 2025]  gran_size: 2M \tchunk_size: 128M \tnum_reg: 8  \tlose cover RAM: 256G\n[Thu Jun  5 14:05:38 2025]  gran_size: 2M \tchunk_size: 256M \tnum_reg: 8  \tlose cover RAM: 256G\n[Thu Jun  5 14:05:38 2025]  gran_size: 2M \tchunk_size: 512M \tnum_reg: 8  \tlose cover RAM: 256G\n[Thu Jun  5 14:05:38 2025]  gran_size: 2M \tchunk_size: 1G \tnum_reg: 8  \tlose cover RAM: 256G\n[Thu Jun  5 14:05:38 2025]  gran_size: 2M \tchunk_size: 2G \tnum_reg: 8  \tlose cover RAM: 256G\n[Thu Jun  5 14:05:38 2025]  gran_size: 4M \tchunk_size: 4M \tnum_reg: 8  \tlose cover RAM: 256G\n[Thu Jun  5 14:05:38 2025]  gran_size: 4M \tchunk_size: 8M \tnum_reg: 8  \tlose cover RAM: 256G\n[Thu Jun  5 14:05:38 2025]  gran_size: 4M \tchunk_size: 16M \tnum_reg: 8  \tlose cover RAM: 256G\n[Thu Jun  5 14:05:38 2025]  gran_size: 4M \tchunk_size: 32M \tnum_reg: 8  \tlose cover RAM: 256G\n[Thu Jun  5 14:05:38 2025]  gran_size: 4M \tchunk_size: 64M \tnum_reg: 8  \tlose cover RAM: 256G\n[Thu Jun  5 14:05:38 2025]  gran_size: 4M \tchunk_size: 128M \tnum_reg: 8  \tlose cover RAM: 256G\n[Thu Jun  5 14:05:38 2025]  gran_size: 4M \tchunk_size: 256M \tnum_reg: 8  \tlose cover RAM: 256G\n[Thu Jun  5 14:05:38 2025]  gran_size: 4M \tchunk_size: 512M \tnum_reg: 8  \tlose cover RAM: 256G\n[Thu Jun  5 14:05:38 2025]  gran_size: 4M \tchunk_size: 1G \tnum_reg: 8  \tlose cover RAM: 256G\n[Thu Jun  5 14:05:38 2025]  gran_size: 4M \tchunk_size: 2G \tnum_reg: 8  \tlose cover RAM: 256G\n[Thu Jun  5 14:05:38 2025]  gran_size: 8M \tchunk_size: 8M \tnum_reg: 8  \tlose cover RAM: 256G\n[Thu Jun  5 14:05:38 2025]  gran_size: 8M \tchunk_size: 16M \tnum_reg: 8  \tlose cover RAM: 256G\n[Thu Jun  5 14:05:38 2025]  gran_size: 8M \tchunk_size: 32M \tnum_reg: 8  \tlose cover RAM: 256G\n[Thu Jun  5 14:05:38 2025]  gran_size: 8M \tchunk_size: 64M \tnum_reg: 8  \tlose cover RAM: 256G\n[Thu Jun  5 14:05:38 2025]  gran_size: 8M \tchunk_size: 128M \tnum_reg: 8  \tlose cover RAM: 256G\n[Thu Jun  5 14:05:38 2025]  gran_size: 8M \tchunk_size: 256M \tnum_reg: 8  \tlose cover RAM: 256G\n[Thu Jun  5 14:05:38 2025]  gran_size: 8M \tchunk_size: 512M \tnum_reg: 8  \tlose cover RAM: 256G\n[Thu Jun  5 14:05:38 2025]  gran_size: 8M \tchunk_size: 1G \tnum_reg: 8  \tlose cover RAM: 256G\n[Thu Jun  5 14:05:38 2025]  gran_size: 8M \tchunk_size: 2G \tnum_reg: 8  \tlose cover RAM: 256G\n[Thu Jun  5 14:05:38 2025]  gran_size: 16M \tchunk_size: 16M \tnum_reg: 8  \tlose cover RAM: 256G\n[Thu Jun  5 14:05:38 2025]  gran_size: 16M \tchunk_size: 32M \tnum_reg: 8  \tlose cover RAM: 256G\n[Thu Jun  5 14:05:38 2025]  gran_size: 16M \tchunk_size: 64M \tnum_reg: 8  \tlose cover RAM: 256G\n[Thu Jun  5 14:05:38 2025]  gran_size: 16M \tchunk_size: 128M \tnum_reg: 8  \tlose cover RAM: 256G\n[Thu Jun  5 14:05:38 2025]  gran_size: 16M \tchunk_size: 256M \tnum_reg: 8  \tlose cover RAM: 256G\n[Thu Jun  5 14:05:38 2025]  gran_size: 16M \tchunk_size: 512M \tnum_reg: 8  \tlose cover RAM: 256G\n[Thu Jun  5 14:05:38 2025]  gran_size: 16M \tchunk_size: 1G \tnum_reg: 8  \tlose cover RAM: 256G\n[Thu Jun  5 14:05:38 2025]  gran_size: 16M \tchunk_size: 2G \tnum_reg: 8  \tlose cover RAM: 256G\n[Thu Jun  5 14:05:38 2025]  gran_size: 32M \tchunk_size: 32M \tnum_reg: 8  \tlose cover RAM: 256G\n[Thu Jun  5 14:05:38 2025]  gran_size: 32M \tchunk_size: 64M \tnum_reg: 8  \tlose cover RAM: 256G\n[Thu Jun  5 14:05:38 2025]  gran_size: 32M \tchunk_size: 128M \tnum_reg: 8  \tlose cover RAM: 256G\n[Thu Jun  5 14:05:38 2025]  gran_size: 32M \tchunk_size: 256M \tnum_reg: 8  \tlose cover RAM: 256G\n[Thu Jun  5 14:05:38 2025]  gran_size: 32M \tchunk_size: 512M \tnum_reg: 8  \tlose cover RAM: 256G\n[Thu Jun  5 14:05:38 2025]  gran_size: 32M \tchunk_size: 1G \tnum_reg: 8  \tlose cover RAM: 256G\n[Thu Jun  5 14:05:38 2025]  gran_size: 32M \tchunk_size: 2G \tnum_reg: 8  \tlose cover RAM: 256G\n[Thu Jun  5 14:05:38 2025]  gran_size: 64M \tchunk_size: 64M \tnum_reg: 8  \tlose cover RAM: 256G\n[Thu Jun  5 14:05:38 2025]  gran_size: 64M \tchunk_size: 128M \tnum_reg: 8  \tlose cover RAM: 256G\n[Thu Jun  5 14:05:38 2025]  gran_size: 64M \tchunk_size: 256M \tnum_reg: 8  \tlose cover RAM: 256G\n[Thu Jun  5 14:05:38 2025]  gran_size: 64M \tchunk_size: 512M \tnum_reg: 8  \tlose cover RAM: 256G\n[Thu Jun  5 14:05:38 2025]  gran_size: 64M \tchunk_size: 1G \tnum_reg: 8  \tlose cover RAM: 256G\n[Thu Jun  5 14:05:38 2025]  gran_size: 64M \tchunk_size: 2G \tnum_reg: 8  \tlose cover RAM: 256G\n[Thu Jun  5 14:05:38 2025]  gran_size: 128M \tchunk_size: 128M \tnum_reg: 8  \tlose cover RAM: 256G\n[Thu Jun  5 14:05:38 2025]  gran_size: 128M \tchunk_size: 256M \tnum_reg: 8  \tlose cover RAM: 256G\n[Thu Jun  5 14:05:38 2025]  gran_size: 128M \tchunk_size: 512M \tnum_reg: 8  \tlose cover RAM: 256G\n[Thu Jun  5 14:05:38 2025]  gran_size: 128M \tchunk_size: 1G \tnum_reg: 8  \tlose cover RAM: 256G\n[Thu Jun  5 14:05:38 2025]  gran_size: 128M \tchunk_size: 2G \tnum_reg: 8  \tlose cover RAM: 256G\n[Thu Jun  5 14:05:38 2025]  gran_size: 256M \tchunk_size: 256M \tnum_reg: 8  \tlose cover RAM: 256G\n[Thu Jun  5 14:05:38 2025]  gran_size: 256M \tchunk_size: 512M \tnum_reg: 8  \tlose cover RAM: 256G\n[Thu Jun  5 14:05:38 2025]  gran_size: 256M \tchunk_size: 1G \tnum_reg: 8  \tlose cover RAM: 256G\n[Thu Jun  5 14:05:38 2025]  gran_size: 256M \tchunk_size: 2G \tnum_reg: 8  \tlose cover RAM: 256G\n[Thu Jun  5 14:05:38 2025]  gran_size: 512M \tchunk_size: 512M \tnum_reg: 8  \tlose cover RAM: 256G\n[Thu Jun  5 14:05:38 2025]  gran_size: 512M \tchunk_size: 1G \tnum_reg: 8  \tlose cover RAM: 256G\n[Thu Jun  5 14:05:38 2025]  gran_size: 512M \tchunk_size: 2G \tnum_reg: 8  \tlose cover RAM: 256G\n[Thu Jun  5 14:05:38 2025]  gran_size: 1G \tchunk_size: 1G \tnum_reg: 8  \tlose cover RAM: 256G\n[Thu Jun  5 14:05:38 2025]  gran_size: 1G \tchunk_size: 2G \tnum_reg: 8  \tlose cover RAM: 256G\n[Thu Jun  5 14:05:38 2025]  gran_size: 2G \tchunk_size: 2G \tnum_reg: 8  \tlose cover RAM: 1G\n[Thu
Jun  5 14:05:38 2025] mtrr_cleanup: can not find optimal value\n[Thu Jun  5 14:05:38 2025] please specify mtrr_gran_size/mtrr_chunk_size\n[Thu Jun  5 14:05:38 2025] MTRR map: 8 entries (5 fixed + 3 variable; max 21), built from 8 variable MTRRs\n[Thu
Jun  5 14:05:38 2025] x86/PAT: Configuration [0-7]: WB  WC  UC- UC  WB  WP  UC- WT  \n[Thu
Jun  5 14:05:38 2025] e820: update [mem 0xc0000000-0xffffffff] usable ==> reserved\n[Thu Jun  5 14:05:38 2025] last_pfn = 0xc0000 max_arch_pfn = 0x400000000\n[Thu Jun  5 14:05:38 2025] found SMP MP-table at [mem 0x000f6a70-0x000f6a7f]\n[Thu Jun  5 14:05:38 2025] Using GB pages for direct mapping\n[Thu Jun  5 14:05:38 2025] Incomplete global flushes, disabling PCID\n[Thu
Jun  5 14:05:38 2025] RAMDISK: [mem 0x2f537000-0x33a92fff]\n[Thu
Jun  5 14:05:38 2025] ACPI: Early table checksum verification disabled\n[Thu
Jun  5 14:05:38 2025] ACPI: RSDP 0x00000000000F6A00 000024 (v02 PTLTD )\n[Thu
Jun  5 14:05:38 2025] ACPI: XSDT 0x00000000BFEDB633 00005C (v01 INTEL  440BX    06040000 VMW  01324272)\n[Thu
Jun  5 14:05:38 2025] ACPI: FACP 0x00000000BFEFEE73 0000F4 (v04 INTEL  440BX    06040000 PTL  000F4240)\n[Thu
Jun  5 14:05:38 2025] ACPI: DSDT 0x00000000BFEDD001 021E72 (v01 PTLTD  Custom   06040000 MSFT 03000001)\n[Thu
Jun  5 14:05:38 2025] ACPI: FACS 0x00000000BFEFFFC0 000040\n[Thu
Jun  5 14:05:38 2025] ACPI: FACS 0x00000000BFEFFFC0 000040\n[Thu
Jun  5 14:05:38 2025] ACPI: BOOT 0x00000000BFEDCFB4 000028 (v01 PTLTD  $SBFTBL$ 06040000  LTP 00000001)\n[Thu
Jun  5 14:05:38 2025] ACPI: APIC 0x00000000BFEDC872 000742 (v01 PTLTD  ? APIC   06040000  LTP 00000000)\n[Thu
Jun  5 14:05:38 2025] ACPI: MCFG 0x00000000BFEDC836 00003C (v01 PTLTD  $PCITBL$ 06040000  LTP 00000001)\n[Thu
Jun  5 14:05:38 2025] ACPI: SRAT 0x00000000BFEDB72F 0008D0 (v02 VMWARE MEMPLUG  06040000 VMW  00000001)\n[Thu
Jun  5 14:05:38 2025] ACPI: HPET 0x00000000BFEDB6F7 000038 (v01 VMWARE VMW HPET 06040000 VMW  00000001)\n[Thu
Jun  5 14:05:38 2025] ACPI: WAET 0x00000000BFEDB6CF 000028 (v01 VMWARE VMW WAET 06040000 VMW  00000001)\n[Thu
Jun  5 14:05:38 2025] ACPI: Reserving FACP table memory at [mem 0xbfefee73-0xbfefef66]\n[Thu
Jun  5 14:05:38 2025] ACPI: Reserving DSDT table memory at [mem 0xbfedd001-0xbfefee72]\n[Thu
Jun  5 14:05:38 2025] ACPI: Reserving FACS table memory at [mem 0xbfefffc0-0xbfefffff]\n[Thu
Jun  5 14:05:38 2025] ACPI: Reserving FACS table memory at [mem 0xbfefffc0-0xbfefffff]\n[Thu
Jun  5 14:05:38 2025] ACPI: Reserving BOOT table memory at [mem 0xbfedcfb4-0xbfedcfdb]\n[Thu
Jun  5 14:05:38 2025] ACPI: Reserving APIC table memory at [mem 0xbfedc872-0xbfedcfb3]\n[Thu
Jun  5 14:05:38 2025] ACPI: Reserving MCFG table memory at [mem 0xbfedc836-0xbfedc871]\n[Thu
Jun  5 14:05:38 2025] ACPI: Reserving SRAT table memory at [mem 0xbfedb72f-0xbfedbffe]\n[Thu
Jun  5 14:05:38 2025] ACPI: Reserving HPET table memory at [mem 0xbfedb6f7-0xbfedb72e]\n[Thu
Jun  5 14:05:38 2025] ACPI: Reserving WAET table memory at [mem 0xbfedb6cf-0xbfedb6f6]\n[Thu
Jun  5 14:05:38 2025] SRAT: PXM 0 -> APIC 0x00 -> Node 0\n[Thu
Jun  5 14:05:38 2025] SRAT: PXM 0 -> APIC 0x01 -> Node 0\n[Thu
Jun  5 14:05:38 2025] SRAT: PXM 0 -> APIC 0x02 -> Node 0\n[Thu
Jun  5 14:05:38 2025] SRAT: PXM 0 -> APIC 0x03 -> Node 0\n[Thu
Jun  5 14:05:38 2025] SRAT: PXM 0 -> APIC 0x04 -> Node 0\n[Thu
Jun  5 14:05:38 2025] SRAT: PXM 0 -> APIC 0x05 -> Node 0\n[Thu
Jun  5 14:05:38 2025] SRAT: PXM 0 -> APIC 0x06 -> Node 0\n[Thu
Jun  5 14:05:38 2025] SRAT: PXM 0 -> APIC 0x07 -> Node 0\n[Thu
Jun  5 14:05:38 2025] SRAT: PXM 0 -> APIC 0x08 -> Node 0\n[Thu
Jun  5 14:05:38 2025] SRAT: PXM 0 -> APIC 0x09 -> Node 0\n[Thu
Jun  5 14:05:38 2025] SRAT: PXM 0 -> APIC 0x0a -> Node 0\n[Thu
Jun  5 14:05:38 2025] SRAT: PXM 0 -> APIC 0x0b -> Node 0\n[Thu
Jun  5 14:05:38 2025] SRAT: PXM 0 -> APIC 0x0c -> Node 0\n[Thu
Jun  5 14:05:38 2025] SRAT: PXM 0 -> APIC 0x0d -> Node 0\n[Thu
Jun  5 14:05:38 2025] SRAT: PXM 0 -> APIC 0x0e -> Node 0\n[Thu
Jun  5 14:05:38 2025] SRAT: PXM 0 -> APIC 0x0f -> Node 0\n[Thu
Jun  5 14:05:38 2025] SRAT: PXM 0 -> APIC 0x10 -> Node 0\n[Thu
Jun  5 14:05:38 2025] SRAT: PXM 0 -> APIC 0x11 -> Node 0\n[Thu
Jun  5 14:05:38 2025] SRAT: PXM 0 -> APIC 0x12 -> Node 0\n[Thu
Jun  5 14:05:38 2025] SRAT: PXM 0 -> APIC 0x13 -> Node 0\n[Thu
Jun  5 14:05:38 2025] SRAT: PXM 0 -> APIC 0x14 -> Node 0\n[Thu
Jun  5 14:05:38 2025] SRAT: PXM 0 -> APIC 0x15 -> Node 0\n[Thu
Jun  5 14:05:38 2025] SRAT: PXM 0 -> APIC 0x16 -> Node 0\n[Thu
Jun  5 14:05:38 2025] SRAT: PXM 0 -> APIC 0x17 -> Node 0\n[Thu
Jun  5 14:05:38 2025] SRAT: PXM 0 -> APIC 0x18 -> Node 0\n[Thu
Jun  5 14:05:38 2025] SRAT: PXM 0 -> APIC 0x19 -> Node 0\n[Thu
Jun  5 14:05:38 2025] SRAT: PXM 0 -> APIC 0x1a -> Node 0\n[Thu
Jun  5 14:05:38 2025] SRAT: PXM 0 -> APIC 0x1b -> Node 0\n[Thu
Jun  5 14:05:38 2025] SRAT: PXM 0 -> APIC 0x1c -> Node 0\n[Thu
Jun  5 14:05:38 2025] SRAT: PXM 0 -> APIC 0x1d -> Node 0\n[Thu
Jun  5 14:05:38 2025] SRAT: PXM 0 -> APIC 0x1e -> Node 0\n[Thu
Jun  5 14:05:38 2025] SRAT: PXM 0 -> APIC 0x1f -> Node 0\n[Thu
Jun  5 14:05:38 2025] SRAT: PXM 0 -> APIC 0x20 -> Node 0\n[Thu
Jun  5 14:05:38 2025] SRAT: PXM 0 -> APIC 0x21 -> Node 0\n[Thu
Jun  5 14:05:38 2025] SRAT: PXM 0 -> APIC 0x22 -> Node 0\n[Thu
Jun  5 14:05:38 2025] SRAT: PXM 0 -> APIC 0x23 -> Node 0\n[Thu
Jun  5 14:05:38 2025] SRAT: PXM 0 -> APIC 0x24 -> Node 0\n[Thu
Jun  5 14:05:38 2025] SRAT: PXM 0 -> APIC 0x25 -> Node 0\n[Thu
Jun  5 14:05:38 2025] SRAT: PXM 0 -> APIC 0x26 -> Node 0\n[Thu
Jun  5 14:05:38 2025] SRAT: PXM 0 -> APIC 0x27 -> Node 0\n[Thu
Jun  5 14:05:38 2025] SRAT: PXM 0 -> APIC 0x28 -> Node 0\n[Thu
Jun  5 14:05:38 2025] SRAT: PXM 0 -> APIC 0x29 -> Node 0\n[Thu
Jun  5 14:05:38 2025] SRAT: PXM 0 -> APIC 0x2a -> Node 0\n[Thu
Jun  5 14:05:38 2025] SRAT: PXM 0 -> APIC 0x2b -> Node 0\n[Thu
Jun  5 14:05:38 2025] SRAT: PXM 0 -> APIC 0x2c -> Node 0\n[Thu
Jun  5 14:05:38 2025] SRAT: PXM 0 -> APIC 0x2d -> Node 0\n[Thu
Jun  5 14:05:38 2025] SRAT: PXM 0 -> APIC 0x2e -> Node 0\n[Thu
Jun  5 14:05:38 2025] SRAT: PXM 0 -> APIC 0x2f -> Node 0\n[Thu
Jun  5 14:05:38 2025] SRAT: PXM 0 -> APIC 0x30 -> Node 0\n[Thu
Jun  5 14:05:38 2025] SRAT: PXM 0 -> APIC 0x31 -> Node 0\n[Thu
Jun  5 14:05:38 2025] SRAT: PXM 0 -> APIC 0x32 -> Node 0\n[Thu
Jun  5 14:05:38 2025] SRAT: PXM 0 -> APIC 0x33 -> Node 0\n[Thu
Jun  5 14:05:38 2025] SRAT: PXM 0 -> APIC 0x34 -> Node 0\n[Thu
Jun  5 14:05:38 2025] SRAT: PXM 0 -> APIC 0x35 -> Node 0\n[Thu
Jun  5 14:05:38 2025] SRAT: PXM 0 -> APIC 0x36 -> Node 0\n[Thu
Jun  5 14:05:38 2025] SRAT: PXM 0 -> APIC 0x37 -> Node 0\n[Thu
Jun  5 14:05:38 2025] SRAT: PXM 0 -> APIC 0x38 -> Node 0\n[Thu
Jun  5 14:05:38 2025] SRAT: PXM 0 -> APIC 0x39 -> Node 0\n[Thu
Jun  5 14:05:38 2025] SRAT: PXM 0 -> APIC 0x3a -> Node 0\n[Thu
Jun  5 14:05:38 2025] SRAT: PXM 0 -> APIC 0x3b -> Node 0\n[Thu
Jun  5 14:05:38 2025] SRAT: PXM 0 -> APIC 0x3c -> Node 0\n[Thu
Jun  5 14:05:38 2025] SRAT: PXM 0 -> APIC 0x3d -> Node 0\n[Thu
Jun  5 14:05:38 2025] SRAT: PXM 0 -> APIC 0x3e -> Node 0\n[Thu
Jun  5 14:05:38 2025] SRAT: PXM 0 -> APIC 0x3f -> Node 0\n[Thu
Jun  5 14:05:38 2025] SRAT: PXM 0 -> APIC 0x40 -> Node 0\n[Thu
Jun  5 14:05:38 2025] SRAT: PXM 0 -> APIC 0x41 -> Node 0\n[Thu
Jun  5 14:05:38 2025] SRAT: PXM 0 -> APIC 0x42 -> Node 0\n[Thu
Jun  5 14:05:38 2025] SRAT: PXM 0 -> APIC 0x43 -> Node 0\n[Thu
Jun  5 14:05:38 2025] SRAT: PXM 0 -> APIC 0x44 -> Node 0\n[Thu
Jun  5 14:05:38 2025] SRAT: PXM 0 -> APIC 0x45 -> Node 0\n[Thu
Jun  5 14:05:38 2025] SRAT: PXM 0 -> APIC 0x46 -> Node 0\n[Thu
Jun  5 14:05:38 2025] SRAT: PXM 0 -> APIC 0x47 -> Node 0\n[Thu
Jun  5 14:05:38 2025] SRAT: PXM 0 -> APIC 0x48 -> Node 0\n[Thu
Jun  5 14:05:38 2025] SRAT: PXM 0 -> APIC 0x49 -> Node 0\n[Thu
Jun  5 14:05:38 2025] SRAT: PXM 0 -> APIC 0x4a -> Node 0\n[Thu
Jun  5 14:05:38 2025] SRAT: PXM 0 -> APIC 0x4b -> Node 0\n[Thu
Jun  5 14:05:38 2025] SRAT: PXM 0 -> APIC 0x4c -> Node 0\n[Thu
Jun  5 14:05:38 2025] SRAT: PXM 0 -> APIC 0x4d -> Node 0\n[Thu
Jun  5 14:05:38 2025] SRAT: PXM 0 -> APIC 0x4e -> Node 0\n[Thu
Jun  5 14:05:38 2025] SRAT: PXM 0 -> APIC 0x4f -> Node 0\n[Thu
Jun  5 14:05:38 2025] SRAT: PXM 0 -> APIC 0x50 -> Node 0\n[Thu
Jun  5 14:05:38 2025] SRAT: PXM 0 -> APIC 0x51 -> Node 0\n[Thu
Jun  5 14:05:38 2025] SRAT: PXM 0 -> APIC 0x52 -> Node 0\n[Thu
Jun  5 14:05:38 2025] SRAT: PXM 0 -> APIC 0x53 -> Node 0\n[Thu
Jun  5 14:05:38 2025] SRAT: PXM 0 -> APIC 0x54 -> Node 0\n[Thu
Jun  5 14:05:38 2025] SRAT: PXM 0 -> APIC 0x55 -> Node 0\n[Thu
Jun  5 14:05:38 2025] SRAT: PXM 0 -> APIC 0x56 -> Node 0\n[Thu
Jun  5 14:05:38 2025] SRAT: PXM 0 -> APIC 0x57 -> Node 0\n[Thu
Jun  5 14:05:38 2025] SRAT: PXM 0 -> APIC 0x58 -> Node 0\n[Thu
Jun  5 14:05:38 2025] SRAT: PXM 0 -> APIC 0x59 -> Node 0\n[Thu
Jun  5 14:05:38 2025] SRAT: PXM 0 -> APIC 0x5a -> Node 0\n[Thu
Jun  5 14:05:38 2025] SRAT: PXM 0 -> APIC 0x5b -> Node 0\n[Thu
Jun  5 14:05:38 2025] SRAT: PXM 0 -> APIC 0x5c -> Node 0\n[Thu
Jun  5 14:05:38 2025] SRAT: PXM 0 -> APIC 0x5d -> Node 0\n[Thu
Jun  5 14:05:38 2025] SRAT: PXM 0 -> APIC 0x5e -> Node 0\n[Thu
Jun  5 14:05:38 2025] SRAT: PXM 0 -> APIC 0x5f -> Node 0\n[Thu
Jun  5 14:05:38 2025] SRAT: PXM 0 -> APIC 0x60 -> Node 0\n[Thu
Jun  5 14:05:38 2025] SRAT: PXM 0 -> APIC 0x61 -> Node 0\n[Thu
Jun  5 14:05:38 2025] SRAT: PXM 0 -> APIC 0x62 -> Node 0\n[Thu
Jun  5 14:05:38 2025] SRAT: PXM 0 -> APIC 0x63 -> Node 0\n[Thu
Jun  5 14:05:38 2025] SRAT: PXM 0 -> APIC 0x64 -> Node 0\n[Thu
Jun  5 14:05:38 2025] SRAT: PXM 0 -> APIC 0x65 -> Node 0\n[Thu
Jun  5 14:05:38 2025] SRAT: PXM 0 -> APIC 0x66 -> Node 0\n[Thu
Jun  5 14:05:38 2025] SRAT: PXM 0 -> APIC 0x67 -> Node 0\n[Thu
Jun  5 14:05:38 2025] SRAT: PXM 0 -> APIC 0x68 -> Node 0\n[Thu
Jun  5 14:05:38 2025] SRAT: PXM 0 -> APIC 0x69 -> Node 0\n[Thu
Jun  5 14:05:38 2025] SRAT: PXM 0 -> APIC 0x6a -> Node 0\n[Thu
Jun  5 14:05:38 2025] SRAT: PXM 0 -> APIC 0x6b -> Node 0\n[Thu
Jun  5 14:05:38 2025] SRAT: PXM 0 -> APIC 0x6c -> Node 0\n[Thu
Jun  5 14:05:38 2025] SRAT: PXM 0 -> APIC 0x6d -> Node 0\n[Thu
Jun  5 14:05:38 2025] SRAT: PXM 0 -> APIC 0x6e -> Node 0\n[Thu
Jun  5 14:05:38 2025] SRAT: PXM 0 -> APIC 0x6f -> Node 0\n[Thu
Jun  5 14:05:38 2025] SRAT: PXM 0 -> APIC 0x70 -> Node 0\n[Thu
Jun  5 14:05:38 2025] SRAT: PXM 0 -> APIC 0x71 -> Node 0\n[Thu
Jun  5 14:05:38 2025] SRAT: PXM 0 -> APIC 0x72 -> Node 0\n[Thu
Jun  5 14:05:38 2025] SRAT: PXM 0 -> APIC 0x73 -> Node 0\n[Thu
Jun  5 14:05:38 2025] SRAT: PXM 0 -> APIC 0x74 -> Node 0\n[Thu
Jun  5 14:05:38 2025] SRAT: PXM 0 -> APIC 0x75 -> Node 0\n[Thu
Jun  5 14:05:38 2025] SRAT: PXM 0 -> APIC 0x76 -> Node 0\n[Thu
Jun  5 14:05:38 2025] SRAT: PXM 0 -> APIC 0x77 -> Node 0\n[Thu
Jun  5 14:05:38 2025] SRAT: PXM 0 -> APIC 0x78 -> Node 0\n[Thu
Jun  5 14:05:38 2025] SRAT: PXM 0 -> APIC 0x79 -> Node 0\n[Thu
Jun  5 14:05:38 2025] SRAT: PXM 0 -> APIC 0x7a -> Node 0\n[Thu
Jun  5 14:05:38 2025] SRAT: PXM 0 -> APIC 0x7b -> Node 0\n[Thu
Jun  5 14:05:38 2025] SRAT: PXM 0 -> APIC 0x7c -> Node 0\n[Thu
Jun  5 14:05:38 2025] SRAT: PXM 0 -> APIC 0x7d -> Node 0\n[Thu
Jun  5 14:05:38 2025] SRAT: PXM 0 -> APIC 0x7e -> Node 0\n[Thu
Jun  5 14:05:38 2025] SRAT: PXM 0 -> APIC 0x7f -> Node 0\n[Thu
Jun  5 14:05:38 2025] ACPI: SRAT: Node 0 PXM 0 [mem 0x00000000-0x0009ffff]\n[Thu
Jun  5 14:05:38 2025] ACPI: SRAT: Node 0 PXM 0 [mem 0x00100000-0xbfffffff]\n[Thu
Jun  5 14:05:38 2025] ACPI: SRAT: Node 0 PXM 0 [mem 0x100000000-0x72e7fffff]\n[Thu
Jun  5 14:05:38 2025] ACPI: SRAT: Node 0 PXM 0 [mem 0x72e800000-0x6f27ffffff] hotplug\n[Thu
Jun  5 14:05:38 2025] NUMA: Node 0 [mem 0x00000000-0x0009ffff] + [mem 0x00100000-0xbfffffff] -> [mem 0x00000000-0xbfffffff]\n[Thu
Jun  5 14:05:38 2025] NUMA: Node 0 [mem 0x00000000-0xbfffffff] + [mem 0x100000000-0x72e7fffff] -> [mem 0x00000000-0x72e7fffff]\n[Thu Jun  5 14:05:38 2025] NODE_DATA(0) allocated [mem 0x72e7d5000-0x72e7fffff]\n[Thu Jun  5 14:05:38 2025] crashkernel reserved: 0x000000009f000000 - 0x00000000bf000000 (512 MB)\n[Thu Jun  5 14:05:38 2025] Zone ranges:\n[Thu Jun  5 14:05:38 2025]   DMA      [mem 0x0000000000001000-0x0000000000ffffff]\n[Thu Jun  5 14:05:38 2025]   DMA32    [mem 0x0000000001000000-0x00000000ffffffff]\n[Thu Jun  5 14:05:38 2025]   Normal   [mem 0x0000000100000000-0x000000072e7fffff]\n[Thu Jun  5 14:05:38 2025]   Device   empty\n[Thu Jun  5 14:05:38 2025] Movable zone start for each node\n[Thu Jun  5 14:05:38 2025] Early memory node ranges\n[Thu Jun  5 14:05:38 2025]   node   0: [mem 0x0000000000001000-0x000000000009dfff]\n[Thu Jun  5 14:05:38 2025]   node   0: [mem 0x0000000000100000-0x00000000bfecffff]\n[Thu Jun  5 14:05:38 2025]   node   0: [mem 0x00000000bff00000-0x00000000bfffffff]\n[Thu Jun  5 14:05:38 2025]   node   0: [mem 0x0000000100000000-0x000000072e7fffff]\n[Thu Jun  5 14:05:38 2025] Initmem setup node 0 [mem 0x0000000000001000-0x000000072e7fffff]\n[Thu Jun  5 14:05:38 2025] On node 0, zone DMA: 1 pages in unavailable ranges\n[Thu Jun  5 14:05:38 2025] On node 0, zone DMA: 98 pages in unavailable ranges\n[Thu Jun  5 14:05:38 2025] On node 0, zone DMA32: 48 pages in unavailable ranges\n[Thu Jun  5 14:05:39 2025] On node 0, zone Normal: 6144 pages in unavailable ranges\n[Thu
Jun  5 14:05:39 2025] ACPI: PM-Timer IO Port: 0x1008\n[Thu
Jun  5 14:05:39 2025] ACPI: LAPIC_NMI (acpi_id[0x00] high edge lint[0x1])\n[Thu
Jun  5 14:05:39 2025] ACPI: LAPIC_NMI (acpi_id[0x01] high edge lint[0x1])\n[Thu
Jun  5 14:05:39 2025] ACPI: LAPIC_NMI (acpi_id[0x02] high edge lint[0x1])\n[Thu
Jun  5 14:05:39 2025] ACPI: LAPIC_NMI (acpi_id[0x03] high edge lint[0x1])\n[Thu
Jun  5 14:05:39 2025] ACPI: LAPIC_NMI (acpi_id[0x04] high edge lint[0x1])\n[Thu
Jun  5 14:05:39 2025] ACPI: LAPIC_NMI (acpi_id[0x05] high edge lint[0x1])\n[Thu
Jun  5 14:05:39 2025] ACPI: LAPIC_NMI (acpi_id[0x06] high edge lint[0x1])\n[Thu
Jun  5 14:05:39 2025] ACPI: LAPIC_NMI (acpi_id[0x07] high edge lint[0x1])\n[Thu
Jun  5 14:05:39 2025] ACPI: LAPIC_NMI (acpi_id[0x08] high edge lint[0x1])\n[Thu
Jun  5 14:05:39 2025] ACPI: LAPIC_NMI (acpi_id[0x09] high edge lint[0x1])\n[Thu
Jun  5 14:05:39 2025] ACPI: LAPIC_NMI (acpi_id[0x0a] high edge lint[0x1])\n[Thu
Jun  5 14:05:39 2025] ACPI: LAPIC_NMI (acpi_id[0x0b] high edge lint[0x1])\n[Thu
Jun  5 14:05:39 2025] ACPI: LAPIC_NMI (acpi_id[0x0c] high edge lint[0x1])\n[Thu
Jun  5 14:05:39 2025] ACPI: LAPIC_NMI (acpi_id[0x0d] high edge lint[0x1])\n[Thu
Jun  5 14:05:39 2025] ACPI: LAPIC_NMI (acpi_id[0x0e] high edge lint[0x1])\n[Thu
Jun  5 14:05:39 2025] ACPI: LAPIC_NMI (acpi_id[0x0f] high edge lint[0x1])\n[Thu
Jun  5 14:05:39 2025] ACPI: LAPIC_NMI (acpi_id[0x10] high edge lint[0x1])\n[Thu
Jun  5 14:05:39 2025] ACPI: LAPIC_NMI (acpi_id[0x11] high edge lint[0x1])\n[Thu
Jun  5 14:05:39 2025] ACPI: LAPIC_NMI (acpi_id[0x12] high edge lint[0x1])\n[Thu
Jun  5 14:05:39 2025] ACPI: LAPIC_NMI (acpi_id[0x13] high edge lint[0x1])\n[Thu
Jun  5 14:05:39 2025] ACPI: LAPIC_NMI (acpi_id[0x14] high edge lint[0x1])\n[Thu
Jun  5 14:05:39 2025] ACPI: LAPIC_NMI (acpi_id[0x15] high edge lint[0x1])\n[Thu
Jun  5 14:05:39 2025] ACPI: LAPIC_NMI (acpi_id[0x16] high edge lint[0x1])\n[Thu
Jun  5 14:05:39 2025] ACPI: LAPIC_NMI (acpi_id[0x17] high edge lint[0x1])\n[Thu
Jun  5 14:05:39 2025] ACPI: LAPIC_NMI (acpi_id[0x18] high edge lint[0x1])\n[Thu
Jun  5 14:05:39 2025] ACPI: LAPIC_NMI (acpi_id[0x19] high edge lint[0x1])\n[Thu
Jun  5 14:05:39 2025] ACPI: LAPIC_NMI (acpi_id[0x1a] high edge lint[0x1])\n[Thu
Jun  5 14:05:39 2025] ACPI: LAPIC_NMI (acpi_id[0x1b] high edge lint[0x1])\n[Thu
Jun  5 14:05:39 2025] ACPI: LAPIC_NMI (acpi_id[0x1c] high edge lint[0x1])\n[Thu
Jun  5 14:05:39 2025] ACPI: LAPIC_NMI (acpi_id[0x1d] high edge lint[0x1])\n[Thu
Jun  5 14:05:39 2025] ACPI: LAPIC_NMI (acpi_id[0x1e] high edge lint[0x1])\n[Thu
Jun  5 14:05:39 2025] ACPI: LAPIC_NMI (acpi_id[0x1f] high edge lint[0x1])\n[Thu
Jun  5 14:05:39 2025] ACPI: LAPIC_NMI (acpi_id[0x20] high edge lint[0x1])\n[Thu
Jun  5 14:05:39 2025] ACPI: LAPIC_NMI (acpi_id[0x21] high edge lint[0x1])\n[Thu
Jun  5 14:05:39 2025] ACPI: LAPIC_NMI (acpi_id[0x22] high edge lint[0x1])\n[Thu
Jun  5 14:05:39 2025] ACPI: LAPIC_NMI (acpi_id[0x23] high edge lint[0x1])\n[Thu
Jun  5 14:05:39 2025] ACPI: LAPIC_NMI (acpi_id[0x24] high edge lint[0x1])\n[Thu
Jun  5 14:05:39 2025] ACPI: LAPIC_NMI (acpi_id[0x25] high edge lint[0x1])\n[Thu
Jun  5 14:05:39 2025] ACPI: LAPIC_NMI (acpi_id[0x26] high edge lint[0x1])\n[Thu
Jun  5 14:05:39 2025] ACPI: LAPIC_NMI (acpi_id[0x27] high edge lint[0x1])\n[Thu
Jun  5 14:05:39 2025] ACPI: LAPIC_NMI (acpi_id[0x28] high edge lint[0x1])\n[Thu
Jun  5 14:05:39 2025] ACPI: LAPIC_NMI (acpi_id[0x29] high edge lint[0x1])\n[Thu
Jun  5 14:05:39 2025] ACPI: LAPIC_NMI (acpi_id[0x2a] high edge lint[0x1])\n[Thu
Jun  5 14:05:39 2025] ACPI: LAPIC_NMI (acpi_id[0x2b] high edge lint[0x1])\n[Thu
Jun  5 14:05:39 2025] ACPI: LAPIC_NMI (acpi_id[0x2c] high edge lint[0x1])\n[Thu
Jun  5 14:05:39 2025] ACPI: LAPIC_NMI (acpi_id[0x2d] high edge lint[0x1])\n[Thu
Jun  5 14:05:39 2025] ACPI: LAPIC_NMI (acpi_id[0x2e] high edge lint[0x1])\n[Thu
Jun  5 14:05:39 2025] ACPI: LAPIC_NMI (acpi_id[0x2f] high edge lint[0x1])\n[Thu
Jun  5 14:05:39 2025] ACPI: LAPIC_NMI (acpi_id[0x30] high edge lint[0x1])\n[Thu
Jun  5 14:05:39 2025] ACPI: LAPIC_NMI (acpi_id[0x31] high edge lint[0x1])\n[Thu
Jun  5 14:05:39 2025] ACPI: LAPIC_NMI (acpi_id[0x32] high edge lint[0x1])\n[Thu
Jun  5 14:05:39 2025] ACPI: LAPIC_NMI (acpi_id[0x33] high edge lint[0x1])\n[Thu
Jun  5 14:05:39 2025] ACPI: LAPIC_NMI (acpi_id[0x34] high edge lint[0x1])\n[Thu
Jun  5 14:05:39 2025] ACPI: LAPIC_NMI (acpi_id[0x35] high edge lint[0x1])\n[Thu
Jun  5 14:05:39 2025] ACPI: LAPIC_NMI (acpi_id[0x36] high edge lint[0x1])\n[Thu
Jun  5 14:05:39 2025] ACPI: LAPIC_NMI (acpi_id[0x37] high edge lint[0x1])\n[Thu
Jun  5 14:05:39 2025] ACPI: LAPIC_NMI (acpi_id[0x38] high edge lint[0x1])\n[Thu
Jun  5 14:05:39 2025] ACPI: LAPIC_NMI (acpi_id[0x39] high edge lint[0x1])\n[Thu
Jun  5 14:05:39 2025] ACPI: LAPIC_NMI (acpi_id[0x3a] high edge lint[0x1])\n[Thu
Jun  5 14:05:39 2025] ACPI: LAPIC_NMI (acpi_id[0x3b] high edge lint[0x1])\n[Thu
Jun  5 14:05:39 2025] ACPI: LAPIC_NMI (acpi_id[0x3c] high edge lint[0x1])\n[Thu
Jun  5 14:05:39 2025] ACPI: LAPIC_NMI (acpi_id[0x3d] high edge lint[0x1])\n[Thu
Jun  5 14:05:39 2025] ACPI: LAPIC_NMI (acpi_id[0x3e] high edge lint[0x1])\n[Thu
Jun  5 14:05:39 2025] ACPI: LAPIC_NMI (acpi_id[0x3f] high edge lint[0x1])\n[Thu
Jun  5 14:05:39 2025] ACPI: LAPIC_NMI (acpi_id[0x40] high edge lint[0x1])\n[Thu
Jun  5 14:05:39 2025] ACPI: LAPIC_NMI (acpi_id[0x41] high edge lint[0x1])\n[Thu
Jun  5 14:05:39 2025] ACPI: LAPIC_NMI (acpi_id[0x42] high edge lint[0x1])\n[Thu
Jun  5 14:05:39 2025] ACPI: LAPIC_NMI (acpi_id[0x43] high edge lint[0x1])\n[Thu
Jun  5 14:05:39 2025] ACPI: LAPIC_NMI (acpi_id[0x44] high edge lint[0x1])\n[Thu
Jun  5 14:05:39 2025] ACPI: LAPIC_NMI (acpi_id[0x45] high edge lint[0x1])\n[Thu
Jun  5 14:05:39 2025] ACPI: LAPIC_NMI (acpi_id[0x46] high edge lint[0x1])\n[Thu
Jun  5 14:05:39 2025] ACPI: LAPIC_NMI (acpi_id[0x47] high edge lint[0x1])\n[Thu
Jun  5 14:05:39 2025] ACPI: LAPIC_NMI (acpi_id[0x48] high edge lint[0x1])\n[Thu
Jun  5 14:05:39 2025] ACPI: LAPIC_NMI (acpi_id[0x49] high edge lint[0x1])\n[Thu
Jun  5 14:05:39 2025] ACPI: LAPIC_NMI (acpi_id[0x4a] high edge lint[0x1])\n[Thu
Jun  5 14:05:39 2025] ACPI: LAPIC_NMI (acpi_id[0x4b] high edge lint[0x1])\n[Thu
Jun  5 14:05:39 2025] ACPI: LAPIC_NMI (acpi_id[0x4c] high edge lint[0x1])\n[Thu
Jun  5 14:05:39 2025] ACPI: LAPIC_NMI (acpi_id[0x4d] high edge lint[0x1])\n[Thu
Jun  5 14:05:39 2025] ACPI: LAPIC_NMI (acpi_id[0x4e] high edge lint[0x1])\n[Thu
Jun  5 14:05:39 2025] ACPI: LAPIC_NMI (acpi_id[0x4f] high edge lint[0x1])\n[Thu
Jun  5 14:05:39 2025] ACPI: LAPIC_NMI (acpi_id[0x50] high edge lint[0x1])\n[Thu
Jun  5 14:05:39 2025] ACPI: LAPIC_NMI (acpi_id[0x51] high edge lint[0x1])\n[Thu
Jun  5 14:05:39 2025] ACPI: LAPIC_NMI (acpi_id[0x52] high edge lint[0x1])\n[Thu
Jun  5 14:05:39 2025] ACPI: LAPIC_NMI (acpi_id[0x53] high edge lint[0x1])\n[Thu
Jun  5 14:05:39 2025] ACPI: LAPIC_NMI (acpi_id[0x54] high edge lint[0x1])\n[Thu
Jun  5 14:05:39 2025] ACPI: LAPIC_NMI (acpi_id[0x55] high edge lint[0x1])\n[Thu
Jun  5 14:05:39 2025] ACPI: LAPIC_NMI (acpi_id[0x56] high edge lint[0x1])\n[Thu
Jun  5 14:05:39 2025] ACPI: LAPIC_NMI (acpi_id[0x57] high edge lint[0x1])\n[Thu
Jun  5 14:05:39 2025] ACPI: LAPIC_NMI (acpi_id[0x58] high edge lint[0x1])\n[Thu
Jun  5 14:05:39 2025] ACPI: LAPIC_NMI (acpi_id[0x59] high edge lint[0x1])\n[Thu
Jun  5 14:05:39 2025] ACPI: LAPIC_NMI (acpi_id[0x5a] high edge lint[0x1])\n[Thu
Jun  5 14:05:39 2025] ACPI: LAPIC_NMI (acpi_id[0x5b] high edge lint[0x1])\n[Thu
Jun  5 14:05:39 2025] ACPI: LAPIC_NMI (acpi_id[0x5c] high edge lint[0x1])\n[Thu
Jun  5 14:05:39 2025] ACPI: LAPIC_NMI (acpi_id[0x5d] high edge lint[0x1])\n[Thu
Jun  5 14:05:39 2025] ACPI: LAPIC_NMI (acpi_id[0x5e] high edge lint[0x1])\n[Thu
Jun  5 14:05:39 2025] ACPI: LAPIC_NMI (acpi_id[0x5f] high edge lint[0x1])\n[Thu
Jun  5 14:05:39 2025] ACPI: LAPIC_NMI (acpi_id[0x60] high edge lint[0x1])\n[Thu
Jun  5 14:05:39 2025] ACPI: LAPIC_NMI (acpi_id[0x61] high edge lint[0x1])\n[Thu
Jun  5 14:05:39 2025] ACPI: LAPIC_NMI (acpi_id[0x62] high edge lint[0x1])\n[Thu
Jun  5 14:05:39 2025] ACPI: LAPIC_NMI (acpi_id[0x63] high edge lint[0x1])\n[Thu
Jun  5 14:05:39 2025] ACPI: LAPIC_NMI (acpi_id[0x64] high edge lint[0x1])\n[Thu
Jun  5 14:05:39 2025] ACPI: LAPIC_NMI (acpi_id[0x65] high edge lint[0x1])\n[Thu
Jun  5 14:05:39 2025] ACPI: LAPIC_NMI (acpi_id[0x66] high edge lint[0x1])\n[Thu
Jun  5 14:05:39 2025] ACPI: LAPIC_NMI (acpi_id[0x67] high edge lint[0x1])\n[Thu
Jun  5 14:05:39 2025] ACPI: LAPIC_NMI (acpi_id[0x68] high edge lint[0x1])\n[Thu
Jun  5 14:05:39 2025] ACPI: LAPIC_NMI (acpi_id[0x69] high edge lint[0x1])\n[Thu
Jun  5 14:05:39 2025] ACPI: LAPIC_NMI (acpi_id[0x6a] high edge lint[0x1])\n[Thu
Jun  5 14:05:39 2025] ACPI: LAPIC_NMI (acpi_id[0x6b] high edge lint[0x1])\n[Thu
Jun  5 14:05:39 2025] ACPI: LAPIC_NMI (acpi_id[0x6c] high edge lint[0x1])\n[Thu
Jun  5 14:05:39 2025] ACPI: LAPIC_NMI (acpi_id[0x6d] high edge lint[0x1])\n[Thu
Jun  5 14:05:39 2025] ACPI: LAPIC_NMI (acpi_id[0x6e] high edge lint[0x1])\n[Thu
Jun  5 14:05:39 2025] ACPI: LAPIC_NMI (acpi_id[0x6f] high edge lint[0x1])\n[Thu
Jun  5 14:05:39 2025] ACPI: LAPIC_NMI (acpi_id[0x70] high edge lint[0x1])\n[Thu
Jun  5 14:05:39 2025] ACPI: LAPIC_NMI (acpi_id[0x71] high edge lint[0x1])\n[Thu
Jun  5 14:05:39 2025] ACPI: LAPIC_NMI (acpi_id[0x72] high edge lint[0x1])\n[Thu
Jun  5 14:05:39 2025] ACPI: LAPIC_NMI (acpi_id[0x73] high edge lint[0x1])\n[Thu
Jun  5 14:05:39 2025] ACPI: LAPIC_NMI (acpi_id[0x74] high edge lint[0x1])\n[Thu
Jun  5 14:05:39 2025] ACPI: LAPIC_NMI (acpi_id[0x75] high edge lint[0x1])\n[Thu
Jun  5 14:05:39 2025] ACPI: LAPIC_NMI (acpi_id[0x76] high edge lint[0x1])\n[Thu
Jun  5 14:05:39 2025] ACPI: LAPIC_NMI (acpi_id[0x77] high edge lint[0x1])\n[Thu
Jun  5 14:05:39 2025] ACPI: LAPIC_NMI (acpi_id[0x78] high edge lint[0x1])\n[Thu
Jun  5 14:05:39 2025] ACPI: LAPIC_NMI (acpi_id[0x79] high edge lint[0x1])\n[Thu
Jun  5 14:05:39 2025] ACPI: LAPIC_NMI (acpi_id[0x7a] high edge lint[0x1])\n[Thu
Jun  5 14:05:39 2025] ACPI: LAPIC_NMI (acpi_id[0x7b] high edge lint[0x1])\n[Thu
Jun  5 14:05:39 2025] ACPI: LAPIC_NMI (acpi_id[0x7c] high edge lint[0x1])\n[Thu
Jun  5 14:05:39 2025] ACPI: LAPIC_NMI (acpi_id[0x7d] high edge lint[0x1])\n[Thu
Jun  5 14:05:39 2025] ACPI: LAPIC_NMI (acpi_id[0x7e] high edge lint[0x1])\n[Thu
Jun  5 14:05:39 2025] ACPI: LAPIC_NMI (acpi_id[0x7f] high edge lint[0x1])\n[Thu
Jun  5 14:05:39 2025] IOAPIC[0]: apic_id 128, version 32, address 0xfec00000, GSI 0-23\n[Thu
Jun  5 14:05:39 2025] ACPI: INT_SRC_OVR (bus 0 bus_irq 0 global_irq 2 high edge)\n[Thu
Jun  5 14:05:39 2025] ACPI: Using ACPI (MADT) for SMP configuration information\n[Thu
Jun  5 14:05:39 2025] ACPI: HPET id: 0x8086af01 base: 0xfed00000\n[Thu Jun  5 14:05:39 2025] CPU topo: Max. logical packages:  16\n[Thu Jun  5 14:05:39 2025] CPU topo: Max. logical dies:      16\n[Thu Jun  5 14:05:39 2025] CPU topo: Max. dies per package:   1\n[Thu Jun  5 14:05:39 2025] CPU topo: Max. threads per core:   1\n[Thu Jun  5 14:05:39 2025] CPU topo: Num. cores per package:     8\n[Thu Jun  5 14:05:39 2025] CPU topo: Num. threads per package:   8\n[Thu Jun  5 14:05:39 2025] CPU topo: Allowing 16 present CPUs plus 112 hotplug CPUs\n[Thu
Jun  5 14:05:39 2025] PM: hibernation: Registered nosave memory: [mem 0x00000000-0x00000fff]\n[Thu
Jun  5 14:05:39 2025] PM: hibernation: Registered nosave memory: [mem 0x0009e000-0x0009efff]\n[Thu
Jun  5 14:05:39 2025] PM: hibernation: Registered nosave memory: [mem 0x0009f000-0x0009ffff]\n[Thu
Jun  5 14:05:39 2025] PM: hibernation: Registered nosave memory: [mem 0x000a0000-0x000dbfff]\n[Thu
Jun  5 14:05:39 2025] PM: hibernation: Registered nosave memory: [mem 0x000dc000-0x000fffff]\n[Thu
Jun  5 14:05:39 2025] PM: hibernation: Registered nosave memory: [mem 0xbfed0000-0xbfefefff]\n[Thu
Jun  5 14:05:39 2025] PM: hibernation: Registered nosave memory: [mem 0xbfeff000-0xbfefffff]\n[Thu
Jun  5 14:05:39 2025] PM: hibernation: Registered nosave memory: [mem 0xc0000000-0xefffffff]\n[Thu
Jun  5 14:05:39 2025] PM: hibernation: Registered nosave memory: [mem 0xf0000000-0xf7ffffff]\n[Thu
Jun  5 14:05:39 2025] PM: hibernation: Registered nosave memory: [mem 0xf8000000-0xfebfffff]\n[Thu
Jun  5 14:05:39 2025] PM: hibernation: Registered nosave memory: [mem 0xfec00000-0xfec0ffff]\n[Thu
Jun  5 14:05:39 2025] PM: hibernation: Registered nosave memory: [mem 0xfec10000-0xfedfffff]\n[Thu
Jun  5 14:05:39 2025] PM: hibernation: Registered nosave memory: [mem 0xfee00000-0xfee00fff]\n[Thu
Jun  5 14:05:39 2025] PM: hibernation: Registered nosave memory: [mem 0xfee01000-0xfffdffff]\n[Thu
Jun  5 14:05:39 2025] PM: hibernation: Registered nosave memory: [mem 0xfffe0000-0xffffffff]\n[Thu Jun  5 14:05:39 2025] [mem 0xc0000000-0xefffffff] available for PCI devices\n[Thu Jun  5 14:05:39 2025] Booting paravirtualized kernel on VMware hypervisor\n[Thu
Jun  5 14:05:39 2025] clocksource: refined-jiffies: mask: 0xffffffff max_cycles: 0xffffffff, max_idle_ns: 1910969940391419 ns\n[Thu
Jun  5 14:05:39 2025] setup_percpu: NR_CPUS:8192 nr_cpumask_bits:128 nr_cpu_ids:128 nr_node_ids:1\n[Thu
Jun  5 14:05:39 2025] percpu: Embedded 88 pages/cpu s237568 r8192 d114688 u524288\n[Thu
Jun  5 14:05:39 2025] pcpu-alloc: s237568 r8192 d114688 u524288 alloc=1*2097152\n[Thu
Jun  5 14:05:39 2025] pcpu-alloc: [0] 000 001 002 003 [0] 004 005 006 007 \n[Thu
Jun  5 14:05:39 2025] pcpu-alloc: [0] 008 009 010 011 [0] 012 013 014 015 \n[Thu
Jun  5 14:05:39 2025] pcpu-alloc: [0] 016 017 018 019 [0] 020 021 022 023 \n[Thu
Jun  5 14:05:39 2025] pcpu-alloc: [0] 024 025 026 027 [0] 028 029 030 031 \n[Thu
Jun  5 14:05:39 2025] pcpu-alloc: [0] 032 033 034 035 [0] 036 037 038 039 \n[Thu
Jun  5 14:05:39 2025] pcpu-alloc: [0] 040 041 042 043 [0] 044 045 046 047 \n[Thu
Jun  5 14:05:39 2025] pcpu-alloc: [0] 048 049 050 051 [0] 052 053 054 055 \n[Thu
Jun  5 14:05:39 2025] pcpu-alloc: [0] 056 057 058 059 [0] 060 061 062 063 \n[Thu
Jun  5 14:05:39 2025] pcpu-alloc: [0] 064 065 066 067 [0] 068 069 070 071 \n[Thu
Jun  5 14:05:39 2025] pcpu-alloc: [0] 072 073 074 075 [0] 076 077 078 079 \n[Thu
Jun  5 14:05:39 2025] pcpu-alloc: [0] 080 081 082 083 [0] 084 085 086 087 \n[Thu
Jun  5 14:05:39 2025] pcpu-alloc: [0] 088 089 090 091 [0] 092 093 094 095 \n[Thu
Jun  5 14:05:39 2025] pcpu-alloc: [0] 096 097 098 099 [0] 100 101 102 103 \n[Thu
Jun  5 14:05:39 2025] pcpu-alloc: [0] 104 105 106 107 [0] 108 109 110 111 \n[Thu
Jun  5 14:05:39 2025] pcpu-alloc: [0] 112 113 114 115 [0] 116 117 118 119 \n[Thu
Jun  5 14:05:39 2025] pcpu-alloc: [0] 120 121 122 123 [0] 124 125 126 127 \n[Thu Jun  5 14:05:39 2025] Kernel command line: BOOT_IMAGE=/boot/vmlinuz-6.11.0-26-generic root=UUID=07693a3c-4994-4649-9277-2855f2d9488a ro quiet splash crashkernel=2G-4G:320M,4G-32G:512M,32G-64G:1024M,64G-128G:2048M,128G-:4096M\n[Thu Jun  5 14:05:39 2025] Unknown kernel command line parameters \"splash BOOT_IMAGE=/boot/vmlinuz-6.11.0-26-generic\", will be passed to user space.\n[Thu
Jun  5 14:05:39 2025] random: crng init done\n[Thu
Jun  5 14:05:39 2025] printk: log_buf_len individual max cpu contribution: 4096 bytes\n[Thu
Jun  5 14:05:39 2025] printk: log_buf_len total cpu_extra contributions: 520192 bytes\n[Thu
Jun  5 14:05:39 2025] printk: log_buf_len min size: 262144 bytes\n[Thu
Jun  5 14:05:39 2025] printk: log_buf_len: 1048576 bytes\n[Thu
Jun  5 14:05:39 2025] printk: early log buf free: 226672(86%)\n[Thu Jun  5 14:05:39 2025] Dentry cache hash table entries: 4194304 (order: 13, 33554432 bytes, linear)\n[Thu Jun  5 14:05:39 2025] Inode-cache hash table entries: 2097152 (order: 12, 16777216 bytes, linear)\n[Thu Jun  5 14:05:39 2025] Fallback order for Node 0: 0 \n[Thu Jun  5 14:05:39 2025] Built 1 zonelists, mobility grouping on.  Total pages: 7268205\n[Thu Jun  5 14:05:39 2025] Policy zone: Normal\n[Thu Jun  5 14:05:39 2025] mem auto-init: stack:all(zero), heap alloc:on, heap free:off\n[Thu Jun  5 14:05:39 2025] software IO TLB: area num 128.\n[Thu
Jun  5 14:05:39 2025] SLUB: HWalign=64, Order=0-3, MinObjects=0, CPUs=128, Nodes=1\n[Thu Jun  5 14:05:39 2025] Kernel/User page tables isolation: enabled\n[Thu
Jun  5 14:05:39 2025] ftrace: allocating 59398 entries in 233 pages\n[Thu
Jun  5 14:05:39 2025] ftrace: allocated 233 pages with 5 groups\n[Thu Jun  5 14:05:39 2025] Dynamic Preempt: voluntary\n[Thu
Jun  5 14:05:39 2025] rcu: Preemptible hierarchical RCU implementation.\n[Thu
Jun  5 14:05:39 2025] rcu: \tRCU restricting CPUs from NR_CPUS=8192 to nr_cpu_ids=128.\n[Thu Jun  5 14:05:39 2025] \tTrampoline variant of Tasks RCU enabled.\n[Thu Jun  5 14:05:39 2025] \tRude variant of Tasks RCU enabled.\n[Thu Jun  5 14:05:39 2025] \tTracing variant of Tasks RCU enabled.\n[Thu
Jun  5 14:05:39 2025] rcu: RCU calculated value of scheduler-enlistment delay is 100 jiffies.\n[Thu
Jun  5 14:05:39 2025] rcu: Adjusting geometry for rcu_fanout_leaf=16, nr_cpu_ids=128\n[Thu Jun  5 14:05:39 2025] RCU Tasks: Setting shift to 7 and lim to 1 rcu_task_cb_adjust=1 rcu_task_cpu_ids=128.\n[Thu Jun  5 14:05:39 2025] RCU Tasks Rude: Setting shift to 7 and lim to 1 rcu_task_cb_adjust=1 rcu_task_cpu_ids=128.\n[Thu Jun  5 14:05:39 2025] RCU Tasks Trace: Setting shift to 7 and lim to 1 rcu_task_cb_adjust=1 rcu_task_cpu_ids=128.\n[Thu
Jun  5 14:05:39 2025] NR_IRQS: 524544, nr_irqs: 1448, preallocated irqs: 16\n[Thu
Jun  5 14:05:39 2025] rcu: srcu_init: Setting srcu_struct sizes to big.\n[Thu
Jun  5 14:05:39 2025] Console: colour VGA+ 80x25\n[Thu
Jun  5 14:05:39 2025] printk: legacy console [tty0] enabled\n[Thu
Jun  5 14:05:39 2025] ACPI: Core revision 20240322\n[Thu
Jun  5 14:05:39 2025] clocksource: hpet: mask: 0xffffffff max_cycles: 0xffffffff, max_idle_ns: 133484882848 ns\n[Thu
Jun  5 14:05:40 2025] APIC: Switch to symmetric I/O mode setup\n[Thu Jun  5 14:05:40 2025] x2apic enabled\n[Thu
Jun  5 14:05:40 2025] APIC: Switched APIC routing to: physical x2apic\n[Thu
Jun  5 14:05:40 2025] ..TIMER: vector=0x30 apic1=0 pin1=2 apic2=-1 pin2=-1\n[Thu
Jun  5 14:05:40 2025] clocksource: tsc-early: mask: 0xffffffffffffffff max_cycles: 0x2a11290c0c8, max_idle_ns: 440795344938 ns\n[Thu Jun  5 14:05:40 2025] Calibrating delay loop (skipped) preset value.. 5836.80 BogoMIPS (lpj=2918400)\n[Thu
Jun  5 14:05:40 2025] x86/cpu: User Mode Instruction Prevention (UMIP) activated\n[Thu Jun  5 14:05:40 2025] Last level iTLB entries: 4KB 0, 2MB 0, 4MB 0\n[Thu Jun  5 14:05:40 2025] Last level dTLB entries: 4KB 0, 2MB 0, 4MB 0, 1GB 0\n[Thu Jun  5 14:05:40 2025] Spectre V1 : Mitigation: usercopy/swapgs barriers and __user pointer sanitization\n[Thu Jun  5 14:05:40 2025] Spectre V2 : Spectre BHI mitigation: SW BHB clearing on syscall and VM exit\n[Thu Jun  5 14:05:40 2025] Spectre V2 : Mitigation: IBRS\n[Thu Jun  5 14:05:40 2025] Spectre V2 : Spectre v2 / SpectreRSB mitigation: Filling RSB on context switch\n[Thu Jun  5 14:05:40 2025] Spectre V2 : Spectre v2 / SpectreRSB : Filling RSB on VMEXIT\n[Thu
Jun  5 14:05:40 2025] RETBleed: Mitigation: IBRS\n[Thu Jun  5 14:05:40 2025] Spectre V2 : mitigation: Enabling conditional Indirect Branch Prediction Barrier\n[Thu Jun  5 14:05:40 2025] Speculative Store Bypass: Mitigation: Speculative Store Bypass disabled via prctl\n[Thu
Jun  5 14:05:40 2025] MDS: Mitigation: Clear CPU buffers\n[Thu Jun  5 14:05:40 2025] Register File Data Sampling: Vulnerable: No microcode\n[Thu
Jun  5 14:05:40 2025] x86/fpu: Supporting XSAVE feature 0x001: 'x87 floating point registers'\n[Thu
Jun  5 14:05:40 2025] x86/fpu: Supporting XSAVE feature 0x002: 'SSE registers'\n[Thu
Jun  5 14:05:40 2025] x86/fpu: Supporting XSAVE feature 0x004: 'AVX registers'\n[Thu
Jun  5 14:05:40 2025] x86/fpu: xstate_offset[2]:  576, xstate_sizes[2]:  256\n[Thu
Jun  5 14:05:40 2025] x86/fpu: Enabled xstate features 0x7, context size is 832 bytes, using 'compacted' format.\n[Thu Jun  5 14:05:40 2025] Freeing SMP alternatives memory: 48K\n[Thu
Jun  5 14:05:40 2025] pid_max: default: 131072 minimum: 1024\n[Thu
Jun  5 14:05:40 2025] LSM: initializing lsm=lockdown,capability,landlock,yama,apparmor,ima,evm\n[Thu
Jun  5 14:05:40 2025] landlock: Up and running.\n[Thu
Jun  5 14:05:40 2025] Yama: becoming mindful.\n[Thu
Jun  5 14:05:40 2025] AppArmor: AppArmor initialized\n[Thu Jun  5 14:05:40 2025] Mount-cache hash table entries: 65536 (order: 7, 524288 bytes, linear)\n[Thu Jun  5 14:05:40 2025] Mountpoint-cache hash table entries: 65536 (order: 7, 524288 bytes, linear)\n[Thu
Jun  5 14:05:40 2025] smpboot: CPU0: 12th Gen Intel(R) Core(TM) i9-12900H (family: 0x6, model: 0x9a, stepping: 0x3)\n[Thu Jun  5 14:05:40 2025] Performance Events: Alderlake Hybrid events, core PMU driver.\n[Thu
Jun  5 14:05:40 2025] core: CPUID marked event: 'cpu cycles' unavailable\n[Thu
Jun  5 14:05:40 2025] core: CPUID marked event: 'instructions' unavailable\n[Thu
Jun  5 14:05:40 2025] core: CPUID marked event: 'bus cycles' unavailable\n[Thu
Jun  5 14:05:40 2025] core: CPUID marked event: 'cache references' unavailable\n[Thu
Jun  5 14:05:40 2025] core: CPUID marked event: 'cache misses' unavailable\n[Thu
Jun  5 14:05:40 2025] core: CPUID marked event: 'branch instructions' unavailable\n[Thu
Jun  5 14:05:40 2025] core: CPUID marked event: 'branch misses' unavailable\n[Thu
Jun  5 14:05:40 2025] core: cpu_core PMU driver: \n[Thu Jun  5 14:05:40 2025] ... version:                1\n[Thu Jun  5 14:05:40 2025] ... bit width:              48\n[Thu Jun  5 14:05:40 2025] ... generic registers:      6\n[Thu Jun  5 14:05:40 2025] ... value mask:             0000ffffffffffff\n[Thu Jun  5 14:05:40 2025] ... max period:             000000007fffffff\n[Thu Jun  5 14:05:40 2025] ... fixed-purpose events:   0\n[Thu Jun  5 14:05:40 2025] ... event mask:             000100000000003f\n[Thu
Jun  5 14:05:40 2025] signal: max sigframe size: 1776\n[Thu
Jun  5 14:05:40 2025] rcu: Hierarchical SRCU implementation.\n[Thu
Jun  5 14:05:40 2025] rcu: \tMax phase no-delay instances is 400.\n[Thu Jun  5 14:05:40 2025] Timer migration: 3 hierarchy levels; 8 children per group; 3 crossnode level\n[Thu Jun  5 14:05:40 2025] NMI watchdog: Perf NMI watchdog permanently disabled\n[Thu
Jun  5 14:05:40 2025] smp: Bringing up secondary CPUs ...\n[Thu
Jun  5 14:05:40 2025] smpboot: x86: Booting SMP configuration:\n[Thu Jun  5 14:05:40 2025] .... node  #0, CPUs:          #1   #2   #3   #4   #5   #6   #7   #8   #9  #10  #11  #12  #13  #14  #15\n[Thu
Jun  5 14:05:41 2025] smp: Brought up 1 node, 16 CPUs\n[Thu
Jun  5 14:05:41 2025] smpboot: Total of 16 processors activated (93388.80 BogoMIPS)\n[Thu
Jun  5 14:05:41 2025] Memory: 27779248K/29072820K available (22528K kernel code, 4526K rwdata, 15004K rodata, 4976K init, 4640K bss, 1270264K reserved, 0K cma-reserved)\n[Thu
Jun  5 14:05:41 2025] devtmpfs: initialized\n[Thu
Jun  5 14:05:41 2025] x86/mm: Memory block size: 128MB\n[Thu
Jun  5 14:05:41 2025] ACPI: PM: Registering ACPI NVS region [mem 0xbfeff000-0xbfefffff] (4096 bytes)\n[Thu
Jun  5 14:05:41 2025] clocksource: jiffies: mask: 0xffffffff max_cycles: 0xffffffff, max_idle_ns: 1911260446275000 ns\n[Thu Jun  5 14:05:41 2025] futex hash table entries: 32768 (order: 9, 2097152 bytes, linear)\n[Thu Jun  5 14:05:41 2025] pinctrl core: initialized pinctrl subsystem\n[Thu
Jun  5 14:05:41 2025] PM: RTC time: 13:40:47, date: 2025-06-04\n[Thu
Jun  5 14:05:41 2025] NET: Registered PF_NETLINK/PF_ROUTE protocol family\n[Thu
Jun  5 14:05:41 2025] DMA: preallocated 4096 KiB GFP_KERNEL pool for atomic allocations\n[Thu
Jun  5 14:05:41 2025] DMA: preallocated 4096 KiB GFP_KERNEL|GFP_DMA pool for atomic allocations\n[Thu
Jun  5 14:05:41 2025] DMA: preallocated 4096 KiB GFP_KERNEL|GFP_DMA32 pool for atomic allocations\n[Thu
Jun  5 14:05:41 2025] audit: initializing netlink subsys (disabled)\n[Thu
Jun  5 14:05:41 2025] audit: type=2000 audit(1749044446.123:1): state=initialized audit_enabled=0 res=1\n[Thu
Jun  5 14:05:41 2025] thermal_sys: Registered thermal governor 'fair_share'\n[Thu
Jun  5 14:05:41 2025] thermal_sys: Registered thermal governor 'bang_bang'\n[Thu
Jun  5 14:05:41 2025] thermal_sys: Registered thermal governor 'step_wise'\n[Thu
Jun  5 14:05:41 2025] thermal_sys: Registered thermal governor 'user_space'\n[Thu
Jun  5 14:05:41 2025] thermal_sys: Registered thermal governor 'power_allocator'\n[Thu Jun  5 14:05:41 2025] EISA bus registered\n[Thu
Jun  5 14:05:41 2025] cpuidle: using governor ladder\n[Thu
Jun  5 14:05:41 2025] cpuidle: using governor menu\n[Thu Jun  5 14:05:41 2025] Simple Boot Flag at 0x36 set to 0x80\n[Thu
Jun  5 14:05:41 2025] acpiphp: ACPI Hot Plug PCI Controller Driver version: 0.5\n[Thu
Jun  5 14:05:41 2025] PCI: ECAM [mem 0xf0000000-0xf7ffffff] (base 0xf0000000) for domain 0000 [bus 00-7f]\n[Thu
Jun  5 14:05:41 2025] PCI: Using configuration type 1 for base access\n[Thu
Jun  5 14:05:41 2025] kprobes: kprobe jump-optimization is enabled. All kprobes are optimized if possible.\n[Thu
Jun  5 14:05:41 2025] HugeTLB: registered 1.00 GiB page size, pre-allocated 0 pages\n[Thu
Jun  5 14:05:41 2025] HugeTLB: 16380 KiB vmemmap can be freed for a 1.00 GiB page\n[Thu
Jun  5 14:05:41 2025] HugeTLB: registered 2.00 MiB page size, pre-allocated 0 pages\n[Thu
Jun  5 14:05:41 2025] HugeTLB: 28 KiB vmemmap can be freed for a 2.00 MiB page\n[Thu
Jun  5 14:05:41 2025] ACPI: Added _OSI(Module Device)\n[Thu
Jun  5 14:05:41 2025] ACPI: Added _OSI(Processor Device)\n[Thu
Jun  5 14:05:41 2025] ACPI: Added _OSI(3.0 _SCP Extensions)\n[Thu
Jun  5 14:05:41 2025] ACPI: Added _OSI(Processor Aggregator Device)\n[Thu
Jun  5 14:05:41 2025] ACPI: 1 ACPI AML tables successfully acquired and loaded\n[Thu
Jun  5 14:05:41 2025] ACPI: [Firmware Bug]: BIOS _OSI(Linux) query ignored\n[Thu
Jun  5 14:05:41 2025] ACPI: Interpreter enabled\n[Thu
Jun  5 14:05:41 2025] ACPI: PM: (supports S0 S1 S4 S5)\n[Thu
Jun  5 14:05:41 2025] ACPI: Using IOAPIC for interrupt routing\n[Thu
Jun  5 14:05:41 2025] PCI: Using host bridge windows from ACPI; if necessary, use \"pci=nocrs\" and report a bug\n[Thu
Jun  5 14:05:41 2025] PCI: Using E820 reservations for host bridge windows\n[Thu
Jun  5 14:05:41 2025] ACPI: Enabled 4 GPEs in block 00 to 0F\n[Thu
Jun  5 14:05:43 2025] ACPI: PCI Root Bridge [PCI0] (domain 0000 [bus 00-7f])\n[Thu Jun  5 14:05:43 2025] acpi PNP0A03:00: _OSC: OS supports [ExtendedConfig ASPM ClockPM Segments MSI EDR HPX-Type3]\n[Thu Jun  5 14:05:43 2025] acpi PNP0A03:00: _OSC: platform does not support [AER LTR DPC]\n[Thu Jun  5 14:05:43 2025] acpi PNP0A03:00: _OSC: OS now controls [PCIeHotplug SHPCHotplug PME PCIeCapability]\n[Thu Jun  5 14:05:43 2025] PCI host bridge to bus 0000:00\n[Thu Jun  5 14:05:43 2025] pci_bus 0000:00: root bus resource [mem 0x000a0000-0x000bffff window]\n[Thu Jun  5 14:05:43 2025] pci_bus 0000:00: root bus resource [mem 0x000d0000-0x000dbfff window]\n[Thu Jun  5 14:05:43 2025] pci_bus 0000:00: root bus resource [mem 0xc0000000-0xfebfffff window]\n[Thu Jun  5 14:05:43 2025] pci_bus 0000:00: root bus resource [io  0x0000-0x0cf7 window]\n[Thu Jun  5 14:05:43 2025] pci_bus 0000:00: root bus resource [io  0x0d00-0xfeff window]\n[Thu Jun  5 14:05:43 2025] pci_bus 0000:00: root bus resource [bus 00-7f]\n[Thu Jun  5 14:05:43 2025] pci 0000:00:00.0: [8086:7190] type 00 class 0x060000 conventional PCI endpoint\n[Thu Jun  5 14:05:43 2025] pci 0000:00:01.0: [8086:7191] type 01 class 0x060400 conventional PCI bridge\n[Thu Jun  5 14:05:43 2025] pci 0000:00:01.0: PCI bridge to [bus 01]\n[Thu Jun  5 14:05:44 2025] pci 0000:00:07.0: [8086:7110] type 00 class 0x060100 conventional PCI endpoint\n[Thu Jun  5 14:05:44 2025] pci 0000:00:07.1: [8086:7111] type 00 class 0x01018a conventional PCI endpoint\n[Thu Jun  5 14:05:44 2025] pci 0000:00:07.1: BAR 4 [io  0x1060-0x106f]\n[Thu Jun  5 14:05:44 2025] pci 0000:00:07.1: BAR 0 [io  0x01f0-0x01f7]: legacy IDE quirk\n[Thu Jun  5 14:05:44 2025] pci 0000:00:07.1: BAR 1 [io  0x03f6]: legacy IDE quirk\n[Thu Jun  5 14:05:44 2025] pci 0000:00:07.1: BAR 2 [io  0x0170-0x0177]: legacy IDE quirk\n[Thu Jun  5 14:05:44 2025] pci 0000:00:07.1: BAR 3 [io  0x0376]: legacy IDE quirk\n[Thu Jun  5 14:05:44 2025] pci 0000:00:07.3: [8086:7113] type 00 class 0x068000 conventional PCI endpoint\n[Thu Jun  5 14:05:44 2025] pci 0000:00:07.3: quirk: [io  0x1000-0x103f] claimed by PIIX4 ACPI\n[Thu Jun  5 14:05:44 2025] pci 0000:00:07.3: quirk: [io  0x1040-0x104f] claimed by PIIX4 SMB\n[Thu Jun  5 14:05:44 2025] pci 0000:00:07.7: [15ad:0740] type 00 class 0x088000 conventional PCI endpoint\n[Thu Jun  5 14:05:44 2025] pci 0000:00:07.7: BAR 0 [io  0x1080-0x10bf]\n[Thu Jun  5 14:05:44 2025] pci 0000:00:07.7: BAR 1 [mem 0xfebc0000-0xfebfffff 64bit]\n[Thu Jun  5 14:05:44 2025] pci 0000:00:0f.0: [15ad:0405] type 00 class 0x030000 conventional PCI endpoint\n[Thu Jun  5 14:05:44 2025] pci 0000:00:0f.0: BAR 0 [io  0x1070-0x107f]\n[Thu Jun  5 14:05:44 2025] pci 0000:00:0f.0: BAR 1 [mem 0xe8000000-0xefffffff pref]\n[Thu Jun  5 14:05:44 2025] pci 0000:00:0f.0: BAR 2 [mem 0xfe000000-0xfe7fffff]\n[Thu Jun  5 14:05:44 2025] pci 0000:00:0f.0: ROM [mem 0x00000000-0x00007fff pref]\n[Thu Jun  5 14:05:44 2025] pci 0000:00:0f.0: Video device with shadowed ROM at [mem 0x000c0000-0x000dffff]\n[Thu Jun  5 14:05:44 2025] pci 0000:00:10.0: [1000:0030] type 00 class 0x010000 conventional PCI endpoint\n[Thu Jun  5 14:05:44 2025] pci 0000:00:10.0: BAR 0 [io  0x1400-0x14ff]\n[Thu Jun  5 14:05:44 2025] pci 0000:00:10.0: BAR 1 [mem 0xfeb80000-0xfeb9ffff 64bit]\n[Thu Jun  5 14:05:44 2025] pci 0000:00:10.0: BAR 3 [mem 0xfeba0000-0xfebbffff 64bit]\n[Thu Jun  5 14:05:44 2025] pci 0000:00:10.0: ROM [mem 0x00000000-0x00003fff pref]\n[Thu Jun  5 14:05:44 2025] pci 0000:00:11.0: [15ad:0790] type 01 class 0x060401 conventional PCI bridge\n[Thu Jun  5 14:05:44 2025] pci 0000:00:11.0: PCI bridge to [bus 02] (subtractive decode)\n[Thu Jun  5 14:05:44 2025] pci 0000:00:11.0:   bridge window [io  0x2000-0x3fff]\n[Thu Jun  5 14:05:44 2025] pci 0000:00:11.0:   bridge window [mem 0xfd500000-0xfdffffff]\n[Thu Jun  5 14:05:44 2025] pci 0000:00:11.0:   bridge window [mem 0xe7b00000-0xe7ffffff 64bit pref]\n[Thu Jun  5 14:05:44 2025] pci 0000:00:15.0: [15ad:07a0] type 01 class 0x060400 PCIe Root Port\n[Thu Jun  5 14:05:44 2025] pci 0000:00:15.0: PCI bridge to [bus 03]\n[Thu Jun  5 14:05:44 2025] pci 0000:00:15.0:   bridge window [io  0x4000-0x4fff]\n[Thu Jun  5 14:05:44 2025] pci 0000:00:15.0:   bridge window [mem 0xfd400000-0xfd4fffff]\n[Thu Jun  5 14:05:44 2025] pci 0000:00:15.0:   bridge window [mem 0xe7a00000-0xe7afffff 64bit pref]\n[Thu Jun  5 14:05:44 2025] pci 0000:00:15.0: PME# supported from D0 D3hot D3cold\n[Thu Jun  5 14:05:44 2025] pci 0000:00:15.1: [15ad:07a0] type 01 class 0x060400 PCIe Root Port\n[Thu Jun  5 14:05:44 2025] pci 0000:00:15.1: PCI bridge to [bus 04]\n[Thu Jun  5 14:05:44 2025] pci 0000:00:15.1:   bridge window [io  0x8000-0x8fff]\n[Thu Jun  5 14:05:44 2025] pci 0000:00:15.1:   bridge window [mem 0xfd000000-0xfd0fffff]\n[Thu Jun  5 14:05:44 2025] pci 0000:00:15.1:   bridge window [mem 0xe7600000-0xe76fffff 64bit pref]\n[Thu Jun  5 14:05:44 2025] pci 0000:00:15.1: PME# supported from D0 D3hot D3cold\n[Thu Jun  5 14:05:44 2025] pci 0000:00:15.2: [15ad:07a0] type 01 class 0x060400 PCIe Root Port\n[Thu Jun  5 14:05:44 2025] pci 0000:00:15.2: PCI bridge to [bus 05]\n[Thu Jun  5 14:05:44 2025] pci 0000:00:15.2:   bridge window [io  0xc000-0xcfff]\n[Thu Jun  5 14:05:44 2025] pci 0000:00:15.2:   bridge window [mem 0xfcc00000-0xfccfffff]\n[Thu Jun  5 14:05:44 2025] pci 0000:00:15.2:   bridge window [mem 0xe7200000-0xe72fffff 64bit pref]\n[Thu Jun  5 14:05:44 2025] pci 0000:00:15.2: PME# supported from D0 D3hot D3cold\n[Thu Jun  5 14:05:44 2025] pci 0000:00:15.3: [15ad:07a0] type 01 class 0x060400 PCIe Root Port\n[Thu Jun  5 14:05:44 2025] pci 0000:00:15.3: PCI bridge to [bus 06]\n[Thu Jun  5 14:05:44 2025] pci 0000:00:15.3:   bridge window [mem 0xfc800000-0xfc8fffff]\n[Thu Jun  5 14:05:44 2025] pci 0000:00:15.3:   bridge window [mem 0xe6e00000-0xe6efffff 64bit pref]\n[Thu Jun  5 14:05:44 2025] pci 0000:00:15.3: PME# supported from D0 D3hot D3cold\n[Thu Jun  5 14:05:44 2025] pci 0000:00:15.4: [15ad:07a0] type 01 class 0x060400 PCIe Root Port\n[Thu Jun  5 14:05:44 2025] pci 0000:00:15.4: PCI bridge to [bus 07]\n[Thu Jun  5 14:05:44 2025] pci 0000:00:15.4:   bridge window [mem 0xfc400000-0xfc4fffff]\n[Thu Jun  5 14:05:44 2025] pci 0000:00:15.4:   bridge window [mem 0xe6a00000-0xe6afffff 64bit pref]\n[Thu Jun  5 14:05:44 2025] pci 0000:00:15.4: PME# supported from D0 D3hot D3cold\n[Thu Jun  5 14:05:44 2025] pci 0000:00:15.5: [15ad:07a0] type 01 class 0x060400 PCIe Root Port\n[Thu Jun  5 14:05:44 2025] pci 0000:00:15.5: PCI bridge to [bus 08]\n[Thu Jun  5 14:05:44 2025] pci 0000:00:15.5:   bridge window [mem 0xfc000000-0xfc0fffff]\n[Thu Jun  5 14:05:44 2025] pci 0000:00:15.5:   bridge window [mem 0xe6600000-0xe66fffff 64bit pref]\n[Thu Jun  5 14:05:44 2025] pci 0000:00:15.5: PME# supported from D0 D3hot D3cold\n[Thu Jun  5 14:05:44 2025] pci 0000:00:15.6: [15ad:07a0] type 01 class 0x060400 PCIe Root Port\n[Thu Jun  5 14:05:44 2025] pci 0000:00:15.6: PCI bridge to [bus 09]\n[Thu Jun  5 14:05:44 2025] pci 0000:00:15.6:   bridge window [mem 0xfbc00000-0xfbcfffff]\n[Thu Jun  5 14:05:44 2025] pci 0000:00:15.6:   bridge window [mem 0xe6200000-0xe62fffff 64bit pref]\n[Thu Jun  5 14:05:44 2025] pci 0000:00:15.6: PME# supported from D0 D3hot D3cold\n[Thu Jun  5 14:05:44 2025] pci 0000:00:15.7: [15ad:07a0] type 01 class 0x060400 PCIe Root Port\n[Thu Jun  5 14:05:44 2025] pci 0000:00:15.7: PCI bridge to [bus 0a]\n[Thu Jun  5 14:05:44 2025] pci 0000:00:15.7:   bridge window [mem 0xfb800000-0xfb8fffff]\n[Thu Jun  5 14:05:44 2025] pci 0000:00:15.7:   bridge window [mem 0xe5e00000-0xe5efffff 64bit pref]\n[Thu Jun  5 14:05:44 2025] pci 0000:00:15.7: PME# supported from D0 D3hot D3cold\n[Thu Jun  5 14:05:44 2025] pci 0000:00:16.0: [15ad:07a0] type 01 class 0x060400 PCIe Root Port\n[Thu Jun  5 14:05:44 2025] pci 0000:00:16.0: PCI bridge to [bus 0b]\n[Thu Jun  5 14:05:44 2025] pci 0000:00:16.0:   bridge window [io  0x5000-0x5fff]\n[Thu Jun  5 14:05:44 2025] pci 0000:00:16.0:   bridge window [mem 0xfd300000-0xfd3fffff]\n[Thu Jun  5 14:05:44 2025] pci 0000:00:16.0:   bridge window [mem 0xe7900000-0xe79fffff 64bit pref]\n[Thu Jun  5 14:05:44 2025] pci 0000:00:16.0: PME# supported from D0 D3hot D3cold\n[Thu Jun  5 14:05:44 2025] pci 0000:00:16.1: [15ad:07a0] type 01 class 0x060400 PCIe Root Port\n[Thu Jun  5 14:05:44 2025] pci 0000:00:16.1: PCI bridge to [bus 0c]\n[Thu Jun  5 14:05:44 2025] pci 0000:00:16.1:   bridge window [io  0x9000-0x9fff]\n[Thu Jun  5 14:05:44 2025] pci 0000:00:16.1:   bridge window [mem 0xfcf00000-0xfcffffff]\n[Thu Jun  5 14:05:44 2025] pci 0000:00:16.1:   bridge window [mem 0xe7500000-0xe75fffff 64bit pref]\n[Thu Jun  5 14:05:44 2025] pci 0000:00:16.1: PME# supported from D0 D3hot D3cold\n[Thu Jun  5 14:05:44 2025] pci 0000:00:16.2: [15ad:07a0] type 01 class 0x060400 PCIe Root Port\n[Thu Jun  5 14:05:44 2025] pci 0000:00:16.2: PCI bridge to [bus 0d]\n[Thu Jun  5 14:05:44 2025] pci 0000:00:16.2:   bridge window [io  0xd000-0xdfff]\n[Thu Jun  5 14:05:44 2025] pci 0000:00:16.2:   bridge window [mem 0xfcb00000-0xfcbfffff]\n[Thu Jun  5 14:05:44 2025] pci 0000:00:16.2:   bridge window [mem 0xe7100000-0xe71fffff 64bit pref]\n[Thu Jun  5 14:05:44 2025] pci 0000:00:16.2: PME# supported from D0 D3hot D3cold\n[Thu Jun  5 14:05:44 2025] pci 0000:00:16.3: [15ad:07a0] type 01 class 0x060400 PCIe Root Port\n[Thu Jun  5 14:05:44 2025] pci 0000:00:16.3: PCI bridge to [bus 0e]\n[Thu Jun  5 14:05:44 2025] pci 0000:00:16.3:   bridge window [mem 0xfc700000-0xfc7fffff]\n[Thu Jun  5 14:05:44 2025] pci 0000:00:16.3:   bridge window [mem 0xe6d00000-0xe6dfffff 64bit pref]\n[Thu Jun  5 14:05:44 2025] pci 0000:00:16.3: PME# supported from D0 D3hot D3cold\n[Thu Jun  5 14:05:44 2025] pci 0000:00:16.4: [15ad:07a0] type 01 class 0x060400 PCIe Root Port\n[Thu Jun  5 14:05:44 2025] pci 0000:00:16.4: PCI bridge to [bus 0f]\n[Thu Jun  5 14:05:44 2025] pci 0000:00:16.4:   bridge window [mem 0xfc300000-0xfc3fffff]\n[Thu Jun  5 14:05:44 2025] pci 0000:00:16.4:   bridge window [mem 0xe6900000-0xe69fffff 64bit pref]\n[Thu Jun  5 14:05:44 2025] pci 0000:00:16.4: PME# supported from D0 D3hot D3cold\n[Thu Jun  5 14:05:44 2025] pci 0000:00:16.5: [15ad:07a0] type 01 class 0x060400 PCIe Root Port\n[Thu Jun  5 14:05:44 2025] pci 0000:00:16.5: PCI bridge to [bus 10]\n[Thu Jun  5 14:05:44 2025] pci 0000:00:16.5:   bridge window [mem 0xfbf00000-0xfbffffff]\n[Thu Jun  5 14:05:44 2025] pci 0000:00:16.5:   bridge window [mem 0xe6500000-0xe65fffff 64bit pref]\n[Thu Jun  5 14:05:44 2025] pci 0000:00:16.5: PME# supported from D0 D3hot D3cold\n[Thu Jun  5 14:05:44 2025] pci 0000:00:16.6: [15ad:07a0] type 01 class 0x060400 PCIe Root Port\n[Thu Jun  5 14:05:44 2025] pci 0000:00:16.6: PCI bridge to [bus 11]\n[Thu Jun  5 14:05:44 2025] pci 0000:00:16.6:   bridge window [mem 0xfbb00000-0xfbbfffff]\n[Thu Jun  5 14:05:44 2025] pci 0000:00:16.6:   bridge window [mem 0xe6100000-0xe61fffff 64bit pref]\n[Thu Jun  5 14:05:44 2025] pci 0000:00:16.6: PME# supported from D0 D3hot D3cold\n[Thu Jun  5 14:05:44 2025] pci 0000:00:16.7: [15ad:07a0] type 01 class 0x060400 PCIe Root Port\n[Thu Jun  5 14:05:44 2025] pci 0000:00:16.7: PCI bridge to [bus 12]\n[Thu Jun  5 14:05:44 2025] pci 0000:00:16.7:   bridge window [mem 0xfb700000-0xfb7fffff]\n[Thu Jun  5 14:05:44 2025] pci 0000:00:16.7:   bridge window [mem 0xe5d00000-0xe5dfffff 64bit pref]\n[Thu Jun  5 14:05:44 2025] pci 0000:00:16.7: PME# supported from D0 D3hot D3cold\n[Thu Jun  5 14:05:44 2025] pci 0000:00:17.0: [15ad:07a0] type 01 class 0x060400 PCIe Root Port\n[Thu Jun  5 14:05:44 2025] pci 0000:00:17.0: PCI bridge to [bus 13]\n[Thu Jun  5 14:05:44 2025] pci 0000:00:17.0:   bridge window [io  0x6000-0x6fff]\n[Thu Jun  5 14:05:44 2025] pci 0000:00:17.0:   bridge window [mem 0xfd200000-0xfd2fffff]\n[Thu Jun  5 14:05:44 2025] pci 0000:00:17.0:   bridge window [mem 0xe7800000-0xe78fffff 64bit pref]\n[Thu Jun  5 14:05:44 2025] pci 0000:00:17.0: PME# supported from D0 D3hot D3cold\n[Thu Jun  5 14:05:44 2025] pci 0000:00:17.1: [15ad:07a0] type 01 class 0x060400 PCIe Root Port\n[Thu Jun  5 14:05:44 2025] pci 0000:00:17.1: PCI bridge to [bus 14]\n[Thu Jun  5 14:05:44 2025] pci 0000:00:17.1:   bridge window [io  0xa000-0xafff]\n[Thu Jun  5 14:05:44 2025] pci 0000:00:17.1:   bridge window [mem 0xfce00000-0xfcefffff]\n[Thu Jun  5 14:05:44 2025] pci 0000:00:17.1:   bridge window [mem 0xe7400000-0xe74fffff 64bit pref]\n[Thu Jun  5 14:05:44 2025] pci 0000:00:17.1: PME# supported from D0 D3hot D3cold\n[Thu Jun  5 14:05:44 2025] pci 0000:00:17.2: [15ad:07a0] type 01 class 0x060400 PCIe Root Port\n[Thu Jun  5 14:05:44 2025] pci 0000:00:17.2: PCI bridge to [bus 15]\n[Thu Jun  5 14:05:44 2025] pci 0000:00:17.2:   bridge window [io  0xe000-0xefff]\n[Thu Jun  5 14:05:44 2025] pci 0000:00:17.2:   bridge window [mem 0xfca00000-0xfcafffff]\n[Thu Jun  5 14:05:44 2025] pci 0000:00:17.2:   bridge window [mem 0xe7000000-0xe70fffff 64bit pref]\n[Thu Jun  5 14:05:44 2025] pci 0000:00:17.2: PME# supported from D0 D3hot D3cold\n[Thu Jun  5 14:05:44 2025] pci 0000:00:17.3: [15ad:07a0] type 01 class 0x060400 PCIe Root Port\n[Thu Jun  5 14:05:44 2025] pci 0000:00:17.3: PCI bridge to [bus 16]\n[Thu Jun  5 14:05:44 2025] pci 0000:00:17.3:   bridge window [mem 0xfc600000-0xfc6fffff]\n[Thu Jun  5 14:05:44 2025] pci 0000:00:17.3:   bridge window [mem 0xe6c00000-0xe6cfffff 64bit pref]\n[Thu Jun  5 14:05:44 2025] pci 0000:00:17.3: PME# supported from D0 D3hot D3cold\n[Thu Jun  5 14:05:44 2025] pci 0000:00:17.4: [15ad:07a0] type 01 class 0x060400 PCIe Root Port\n[Thu Jun  5 14:05:44 2025] pci 0000:00:17.4: PCI bridge to [bus 17]\n[Thu Jun  5 14:05:44 2025] pci 0000:00:17.4:   bridge window [mem 0xfc200000-0xfc2fffff]\n[Thu Jun  5 14:05:44 2025] pci 0000:00:17.4:   bridge window [mem 0xe6800000-0xe68fffff 64bit pref]\n[Thu Jun  5 14:05:44 2025] pci 0000:00:17.4: PME# supported from D0 D3hot D3cold\n[Thu Jun  5 14:05:44 2025] pci 0000:00:17.5: [15ad:07a0] type 01 class 0x060400 PCIe Root Port\n[Thu Jun  5 14:05:44 2025] pci 0000:00:17.5: PCI bridge to [bus 18]\n[Thu Jun  5 14:05:44 2025] pci 0000:00:17.5:   bridge window [mem 0xfbe00000-0xfbefffff]\n[Thu Jun  5 14:05:44 2025] pci 0000:00:17.5:   bridge window [mem 0xe6400000-0xe64fffff 64bit pref]\n[Thu Jun  5 14:05:44 2025] pci 0000:00:17.5: PME# supported from D0 D3hot D3cold\n[Thu Jun  5 14:05:44 2025] pci 0000:00:17.6: [15ad:07a0] type 01 class 0x060400 PCIe Root Port\n[Thu Jun  5 14:05:44 2025] pci 0000:00:17.6: PCI bridge to [bus 19]\n[Thu Jun  5 14:05:44 2025] pci 0000:00:17.6:   bridge window [mem 0xfba00000-0xfbafffff]\n[Thu Jun  5 14:05:44 2025] pci 0000:00:17.6:   bridge window [mem 0xe6000000-0xe60fffff 64bit pref]\n[Thu Jun  5 14:05:44 2025] pci 0000:00:17.6: PME# supported from D0 D3hot D3cold\n[Thu Jun  5 14:05:44 2025] pci 0000:00:17.7: [15ad:07a0] type 01 class 0x060400 PCIe Root Port\n[Thu Jun  5 14:05:44 2025] pci 0000:00:17.7: PCI bridge to [bus 1a]\n[Thu Jun  5 14:05:44 2025] pci 0000:00:17.7:   bridge window [mem 0xfb600000-0xfb6fffff]\n[Thu Jun  5 14:05:44 2025] pci 0000:00:17.7:   bridge window [mem 0xe5c00000-0xe5cfffff 64bit pref]\n[Thu Jun  5 14:05:44 2025] pci 0000:00:17.7: PME# supported from D0 D3hot D3cold\n[Thu Jun  5 14:05:44 2025] pci 0000:00:18.0: [15ad:07a0] type 01 class 0x060400 PCIe Root Port\n[Thu Jun  5 14:05:44 2025] pci 0000:00:18.0: PCI bridge to [bus 1b]\n[Thu Jun  5 14:05:44 2025] pci 0000:00:18.0:   bridge window [io  0x7000-0x7fff]\n[Thu Jun  5 14:05:44 2025] pci 0000:00:18.0:   bridge window [mem 0xfd100000-0xfd1fffff]\n[Thu Jun  5 14:05:44 2025] pci 0000:00:18.0:   bridge window [mem 0xe7700000-0xe77fffff 64bit pref]\n[Thu Jun  5 14:05:44 2025] pci 0000:00:18.0: PME# supported from D0 D3hot D3cold\n[Thu Jun  5 14:05:44 2025] pci 0000:00:18.1: [15ad:07a0] type 01 class 0x060400 PCIe Root Port\n[Thu Jun  5 14:05:44 2025] pci 0000:00:18.1: PCI bridge to [bus 1c]\n[Thu Jun  5 14:05:44 2025] pci 0000:00:18.1:   bridge window [io  0xb000-0xbfff]\n[Thu Jun  5 14:05:44 2025] pci 0000:00:18.1:   bridge window [mem 0xfcd00000-0xfcdfffff]\n[Thu Jun  5 14:05:44 2025] pci 0000:00:18.1:   bridge window [mem 0xe7300000-0xe73fffff 64bit pref]\n[Thu Jun  5 14:05:44 2025] pci 0000:00:18.1: PME# supported from D0 D3hot D3cold\n[Thu Jun  5 14:05:44 2025] pci 0000:00:18.2: [15ad:07a0] type 01 class 0x060400 PCIe Root Port\n[Thu Jun  5 14:05:44 2025] pci 0000:00:18.2: PCI bridge to [bus 1d]\n[Thu Jun  5 14:05:44 2025] pci 0000:00:18.2:   bridge window [mem 0xfc900000-0xfc9fffff]\n[Thu Jun  5 14:05:44 2025] pci 0000:00:18.2:   bridge window [mem 0xe6f00000-0xe6ffffff 64bit pref]\n[Thu Jun  5 14:05:44 2025] pci 0000:00:18.2: PME# supported from D0 D3hot D3cold\n[Thu Jun  5 14:05:44 2025] pci 0000:00:18.3: [15ad:07a0] type 01 class 0x060400 PCIe Root Port\n[Thu Jun  5 14:05:44 2025] pci 0000:00:18.3: PCI bridge to [bus 1e]\n[Thu Jun  5 14:05:44 2025] pci 0000:00:18.3:   bridge window [mem 0xfc500000-0xfc5fffff]\n[Thu Jun  5 14:05:44 2025] pci 0000:00:18.3:   bridge window [mem 0xe6b00000-0xe6bfffff 64bit pref]\n[Thu Jun  5 14:05:44 2025] pci 0000:00:18.3: PME# supported from D0 D3hot D3cold\n[Thu Jun  5 14:05:44 2025] pci 0000:00:18.4: [15ad:07a0] type 01 class 0x060400 PCIe Root Port\n[Thu Jun  5 14:05:44 2025] pci 0000:00:18.4: PCI bridge to [bus 1f]\n[Thu Jun  5 14:05:44 2025] pci 0000:00:18.4:   bridge window [mem 0xfc100000-0xfc1fffff]\n[Thu Jun  5 14:05:44 2025] pci 0000:00:18.4:   bridge window [mem 0xe6700000-0xe67fffff 64bit pref]\n[Thu Jun  5 14:05:44 2025] pci 0000:00:18.4: PME# supported from D0 D3hot D3cold\n[Thu Jun  5 14:05:44 2025] pci 0000:00:18.5: [15ad:07a0] type 01 class 0x060400 PCIe Root Port\n[Thu Jun  5 14:05:44 2025] pci 0000:00:18.5: PCI bridge to [bus 20]\n[Thu Jun  5 14:05:44 2025] pci 0000:00:18.5:   bridge window [mem 0xfbd00000-0xfbdfffff]\n[Thu Jun  5 14:05:44 2025] pci 0000:00:18.5:   bridge window [mem 0xe6300000-0xe63fffff 64bit pref]\n[Thu Jun  5 14:05:44 2025] pci 0000:00:18.5: PME# supported from D0 D3hot D3cold\n[Thu Jun  5 14:05:44 2025] pci 0000:00:18.6: [15ad:07a0] type 01 class 0x060400 PCIe Root Port\n[Thu Jun  5 14:05:44 2025] pci 0000:00:18.6: PCI bridge to [bus 21]\n[Thu Jun  5 14:05:44 2025] pci 0000:00:18.6:   bridge window [mem 0xfb900000-0xfb9fffff]\n[Thu Jun  5 14:05:44 2025] pci 0000:00:18.6:   bridge window [mem 0xe5f00000-0xe5ffffff 64bit pref]\n[Thu Jun  5 14:05:44 2025] pci 0000:00:18.6: PME# supported from D0 D3hot D3cold\n[Thu Jun  5 14:05:44 2025] pci 0000:00:18.7: [15ad:07a0] type 01 class 0x060400 PCIe Root Port\n[Thu Jun  5 14:05:44 2025] pci 0000:00:18.7: PCI bridge to [bus 22]\n[Thu Jun  5 14:05:44 2025] pci 0000:00:18.7:   bridge window [mem 0xfb500000-0xfb5fffff]\n[Thu Jun  5 14:05:44 2025] pci 0000:00:18.7:   bridge window [mem 0xe5b00000-0xe5bfffff 64bit pref]\n[Thu Jun  5 14:05:44 2025] pci 0000:00:18.7: PME# supported from D0 D3hot D3cold\n[Thu Jun  5 14:05:45 2025] pci_bus 0000:01: extended config space not accessible\n[Thu Jun  5 14:05:45 2025] pci 0000:00:01.0: PCI bridge to [bus 01]\n[Thu Jun  5 14:05:45 2025] pci_bus 0000:02: extended config space not accessible\n[Thu
Jun  5 14:05:45 2025] acpiphp: Slot [32] registered\n[Thu
Jun  5 14:05:45 2025] acpiphp: Slot [33] registered\n[Thu
Jun  5 14:05:45 2025] acpiphp: Slot [34] registered\n[Thu
Jun  5 14:05:45 2025] acpiphp: Slot [35] registered\n[Thu
Jun  5 14:05:45 2025] acpiphp: Slot [36] registered\n[Thu
Jun  5 14:05:45 2025] acpiphp: Slot [37] registered\n[Thu
Jun  5 14:05:45 2025] acpiphp: Slot [38] registered\n[Thu
Jun  5 14:05:45 2025] acpiphp: Slot [39] registered\n[Thu
Jun  5 14:05:45 2025] acpiphp: Slot [40] registered\n[Thu
Jun  5 14:05:45 2025] acpiphp: Slot [41] registered\n[Thu
Jun  5 14:05:45 2025] acpiphp: Slot [42] registered\n[Thu
Jun  5 14:05:45 2025] acpiphp: Slot [43] registered\n[Thu
Jun  5 14:05:45 2025] acpiphp: Slot [44] registered\n[Thu
Jun  5 14:05:45 2025] acpiphp: Slot [45] registered\n[Thu
Jun  5 14:05:45 2025] acpiphp: Slot [46] registered\n[Thu
Jun  5 14:05:45 2025] acpiphp: Slot [47] registered\n[Thu
Jun  5 14:05:45 2025] acpiphp: Slot [48] registered\n[Thu
Jun  5 14:05:45 2025] acpiphp: Slot [49] registered\n[Thu
Jun  5 14:05:45 2025] acpiphp: Slot [50] registered\n[Thu
Jun  5 14:05:45 2025] acpiphp: Slot [51] registered\n[Thu
Jun  5 14:05:45 2025] acpiphp: Slot [52] registered\n[Thu
Jun  5 14:05:45 2025] acpiphp: Slot [53] registered\n[Thu
Jun  5 14:05:45 2025] acpiphp: Slot [54] registered\n[Thu
Jun  5 14:05:45 2025] acpiphp: Slot [55] registered\n[Thu
Jun  5 14:05:45 2025] acpiphp: Slot [56] registered\n[Thu
Jun  5 14:05:45 2025] acpiphp: Slot [57] registered\n[Thu
Jun  5 14:05:45 2025] acpiphp: Slot [58] registered\n[Thu Jun  5 